biovista_umls,orphanet,snomed,name,mondo
C0027126,http://www.orpha.net/ORDO/Orphanet_273,http://purl.bioontology.org/ontology/SNOMEDCT/77956009,myotonic dystrophy,http://purl.obolibrary.org/obo/MONDO_0016107
C0349653,http://www.orpha.net/ORDO/Orphanet_79318,http://purl.bioontology.org/ontology/SNOMEDCT/459063003,PMM2-congenital disorder of glycosylation,http://purl.obolibrary.org/obo/MONDO_0008907
C0268467,http://www.orpha.net/ORDO/Orphanet_2102,http://purl.bioontology.org/ontology/SNOMEDCT/23447005,GTP cyclohydrolase I deficiency,http://purl.obolibrary.org/obo/MONDO_0100184
C0268631,http://www.orpha.net/ORDO/Orphanet_22,http://purl.bioontology.org/ontology/SNOMEDCT/49748000,succinic semialdehyde dehydrogenase deficiency,http://purl.obolibrary.org/obo/MONDO_0010083
C0043459,http://www.orpha.net/ORDO/Orphanet_912,http://purl.bioontology.org/ontology/SNOMEDCT/88469006,Zellweger spectrum disorders,http://purl.obolibrary.org/obo/MONDO_0019609
C0751882,http://www.orpha.net/ORDO/Orphanet_590,http://purl.bioontology.org/ontology/SNOMEDCT/230672006,congenital myasthenic syndrome,http://purl.obolibrary.org/obo/MONDO_0018940
C1849508,http://www.orpha.net/ORDO/Orphanet_3006,http://purl.bioontology.org/ontology/SNOMEDCT/733145009,pyridoxine-dependent epilepsy,http://purl.obolibrary.org/obo/MONDO_0009945
C0024408,http://www.orpha.net/ORDO/Orphanet_98757,http://purl.bioontology.org/ontology/SNOMEDCT/230666003,Machado-Joseph disease,http://purl.obolibrary.org/obo/MONDO_0007182
C0268595,http://www.orpha.net/ORDO/Orphanet_25,http://purl.bioontology.org/ontology/SNOMEDCT/360416003,glutaryl-CoA dehydrogenase deficiency,http://purl.obolibrary.org/obo/MONDO_0009281
C2931891,http://www.orpha.net/ORDO/Orphanet_506,http://purl.bioontology.org/ontology/SNOMEDCT/29570005,Leigh syndrome,http://purl.obolibrary.org/obo/MONDO_0009723
C0023264,http://www.orpha.net/ORDO/Orphanet_506,http://purl.bioontology.org/ontology/SNOMEDCT/29570005,Leigh syndrome,http://purl.obolibrary.org/obo/MONDO_0009723
