Gene → Protein: connection refused: localhost:8890
Gene → Disease: connection refused: localhost:8890
Gene → Phenotype: connection refused: localhost:8890
Gene → Drug: connection refused: localhost:8890
Protein → Gene: connection refused: localhost:8890
Protein → Disease: connection refused: localhost:8890
Protein → Phenotype: connection refused: localhost:8890
Protein → Drug: connection refused: localhost:8890
Disease → Gene: connection refused: localhost:8890
Disease → Protein: connection refused: localhost:8890
Disease → Phenotype: connection refused: localhost:8890
Disease → Drug: connection refused: localhost:8890
Phenotype → Gene: connection refused: localhost:8890
Phenotype → Protein: connection refused: localhost:8890
Phenotype → Disease: connection refused: localhost:8890
Phenotype → Drug: connection refused: localhost:8890
Drug → Gene: connection refused: localhost:8890
Drug → Protein: connection refused: localhost:8890
Drug → Disease: connection refused: localhost:8890
Drug → Phenotype: connection refused: localhost:8890
Gene → Disease: connection refused: localhost:8890
Gene → Phenotype: connection refused: localhost:8890
Gene → Drug: connection refused: localhost:8890
Protein → Gene: connection refused: localhost:8890
Protein → Disease: connection refused: localhost:8890
Protein → Phenotype: connection refused: localhost:8890
Protein → Drug: connection refused: localhost:8890
Disease → Gene: connection refused: localhost:8890
Disease → Protein: connection refused: localhost:8890
Disease → Phenotype: connection refused: localhost:8890
Disease → Drug: connection refused: localhost:8890
Phenotype → Gene: connection refused: localhost:8890
Phenotype → Protein: connection refused: localhost:8890
Phenotype → Disease: connection refused: localhost:8890
Phenotype → Drug: connection refused: localhost:8890
Drug → Gene: connection refused: localhost:8890
Drug → Protein: connection refused: localhost:8890
Drug → Disease: connection refused: localhost:8890
Drug → Phenotype: connection refused: localhost:8890
Protein → Phenotype: connection refused: localhost:8890
Protein → Drug: connection refused: localhost:8890
Disease → Gene: connection refused: localhost:8890
Disease → Protein: connection refused: localhost:8890
Disease → Phenotype: connection refused: localhost:8890
Disease → Drug: connection refused: localhost:8890
Phenotype → Gene: connection refused: localhost:8890
Phenotype → Protein: connection refused: localhost:8890
Phenotype → Disease: connection refused: localhost:8890
Phenotype → Drug: connection refused: localhost:8890
Drug → Gene: connection refused: localhost:8890
Drug → Protein: connection refused: localhost:8890
Drug → Disease: connection refused: localhost:8890
Drug → Phenotype: connection refused: localhost:8890
