source,mondo,prefname
EFO_0000658,http://purl.obolibrary.org/obo/MONDO_0003304,plexiform neurofibroma
EFO_0003762,http://purl.obolibrary.org/obo/MONDO_0100471,vitamin D deficiency
EFO_0004278,http://purl.obolibrary.org/obo/MONDO_0100511,sudden cardiac arrest
EFO_0006835,http://purl.obolibrary.org/obo/MONDO_0018824,pyoderma gangrenosum
EFO_0006926,http://purl.obolibrary.org/obo/MONDO_0015610,acquired aplastic anemia
EFO_0007067,http://purl.obolibrary.org/obo/MONDO_0004646,decubitus ulcer
EFO_0007127,http://purl.obolibrary.org/obo/MONDO_0005630,actinobacillosis
EFO_0007256,http://purl.obolibrary.org/obo/MONDO_0005748,enzootic pneumonia of calves
EFO_0007431,http://purl.obolibrary.org/obo/MONDO_0005908,peste des petits ruminants infectious disease
EFO_0007456,http://purl.obolibrary.org/obo/MONDO_0017048,pseudomyxoma peritonei
EFO_0008532,http://purl.obolibrary.org/obo/MONDO_1010096,clinically amyopathic dermatomyositis
EFO_0008604,http://purl.obolibrary.org/obo/MONDO_0034127,IgA pemphigus
EFO_0008628,http://purl.obolibrary.org/obo/MONDO_0044138,hyalitis
EFO_0009009,http://purl.obolibrary.org/obo/MONDO_0017332,pyoderma gangrenosum-acne-suppurative hidradenitis syndrome
EFO_0009019,http://purl.obolibrary.org/obo/MONDO_0014827,autosomal recessive spastic paraplegia type 76
EFO_0009024,http://purl.obolibrary.org/obo/MONDO_0014433,Bardet-Biedl syndrome 4
EFO_0009025,http://purl.obolibrary.org/obo/MONDO_0014434,Bardet-Biedl syndrome 5
EFO_0009030,http://purl.obolibrary.org/obo/MONDO_0014529,cerebellar-facial-dental syndrome
EFO_0009032,http://purl.obolibrary.org/obo/MONDO_0014398,combined oxidative phosphorylation defect type 21
EFO_0009033,http://purl.obolibrary.org/obo/MONDO_0014525,combined oxidative phosphorylation defect type 23
EFO_0009034,http://purl.obolibrary.org/obo/MONDO_0014547,combined oxidative phosphorylation defect type 24
EFO_0009036,http://purl.obolibrary.org/obo/MONDO_0014684,combined oxidative phosphorylation defect type 26
EFO_0009037,http://purl.obolibrary.org/obo/MONDO_0014728,combined oxidative phosphorylation defect type 27
EFO_0009038,http://purl.obolibrary.org/obo/MONDO_0014856,combined oxidative phosphorylation defect type 30
EFO_0009042,http://purl.obolibrary.org/obo/MONDO_0014148,estrogen resistance syndrome
EFO_0009044,http://purl.obolibrary.org/obo/MONDO_0009215,Fanconi anemia complementation group A
EFO_0009045,http://purl.obolibrary.org/obo/MONDO_0011325,Fanconi anemia complementation group F
EFO_0009046,http://purl.obolibrary.org/obo/MONDO_0013565,Fanconi anemia complementation group G
EFO_0009048,http://purl.obolibrary.org/obo/MONDO_0100429,intrahepatic cholestasis of pregnancy
EFO_0009050,http://purl.obolibrary.org/obo/MONDO_0014716,macrocephaly-intellectual disability-neurodevelopmental disorder-small thorax syndrome
EFO_0009051,http://purl.obolibrary.org/obo/MONDO_0009369,non-immune hydrops fetalis
EFO_0009055,http://purl.obolibrary.org/obo/MONDO_0012764,RIDDLE syndrome
EFO_0009056,http://purl.obolibrary.org/obo/MONDO_0014417,spinocerebellar ataxia type 38
EFO_0009057,http://purl.obolibrary.org/obo/MONDO_0014475,spinocerebellar ataxia type 40
EFO_0009058,http://purl.obolibrary.org/obo/MONDO_0014626,spinocerebellar ataxia type 41
EFO_0009061,http://purl.obolibrary.org/obo/MONDO_0014848,TELO2-related intellectual disability-neurodevelopmental disorder
EFO_0009062,http://purl.obolibrary.org/obo/MONDO_0012735,Temple-Baraitser syndrome
EFO_0009063,http://purl.obolibrary.org/obo/MONDO_0013673,Wolfram-like syndrome
EFO_0009070,http://purl.obolibrary.org/obo/MONDO_0015022,intellectual developmental disorder with dysmorphic facies and ptosis
EFO_0009077,http://purl.obolibrary.org/obo/MONDO_0008304,premature chromatid separation trait
EFO_0009084,http://purl.obolibrary.org/obo/MONDO_0043576,endarteritis
EFO_0009137,http://purl.obolibrary.org/obo/MONDO_0024520,renal hypodysplasia/aplasia 3
EFO_0009148,http://purl.obolibrary.org/obo/MONDO_0014416,ACTH-independent macronodular adrenal hyperplasia 2
EFO_0009151,http://purl.obolibrary.org/obo/MONDO_0014980,cone-rod dystrophy and hearing loss
EFO_0009154,http://purl.obolibrary.org/obo/MONDO_0850054,hemophilia B leyden
EFO_0009155,http://purl.obolibrary.org/obo/MONDO_0014911,"growth retardation, intellectual developmental disorder, hypotonia, and hepatopathy"
EFO_0009156,http://purl.obolibrary.org/obo/MONDO_0030913,"intellectual disability, autosomal dominant 48"
EFO_0009159,http://purl.obolibrary.org/obo/MONDO_0054677,combined oxidative phosphorylation deficiency 33
EFO_0009164,http://purl.obolibrary.org/obo/MONDO_0030920,"intellectual disability, autosomal dominant 54"
EFO_0009527,http://purl.obolibrary.org/obo/MONDO_0800177,frostbite
EFO_0009706,http://purl.obolibrary.org/obo/MONDO_0850306,latent autoimmune diabetes in adults
EFO_0009782,http://purl.obolibrary.org/obo/MONDO_0000615,progesterone-receptor positive breast cancer
EFO_0009855,http://purl.obolibrary.org/obo/MONDO_0016776,frontal fibrosing alopecia
EFO_0009948,http://purl.obolibrary.org/obo/MONDO_0000409,chorioamnionitis
EFO_0009963,http://purl.obolibrary.org/obo/MONDO_0001866,bipolar I disorder
EFO_0009964,http://purl.obolibrary.org/obo/MONDO_0000693,bipolar II disorder
EFO_0010143,http://purl.obolibrary.org/obo/MONDO_0100434,chronic mountain sickness
EFO_0010166,http://purl.obolibrary.org/obo/MONDO_0032579,warburg-cinotti syndrome
EFO_0010167,http://purl.obolibrary.org/obo/MONDO_0032566,squalene synthase deficiency
EFO_0010168,http://purl.obolibrary.org/obo/MONDO_0032721,"spondyloepiphyseal dysplasia, kondo-fu type"
EFO_0010249,http://purl.obolibrary.org/obo/MONDO_0020770,"spinocerebellar ataxia, autosomal recessive, with axonal neuropathy 3"
EFO_0010251,http://purl.obolibrary.org/obo/MONDO_0032526,spinocerebellar ataxia 48
EFO_0010252,http://purl.obolibrary.org/obo/MONDO_0020763,Menke-Hennekam syndrome 1
EFO_0010253,http://purl.obolibrary.org/obo/MONDO_0020769,Menke-Hennekam syndrome 2
EFO_0010255,http://purl.obolibrary.org/obo/MONDO_0032736,"metabolic crises, recurrent, with variable encephalomyopathic features and neurologic regression"
EFO_0010256,http://purl.obolibrary.org/obo/MONDO_0032650,"neurodegeneration, childhood-onset, with cerebellar atrophy"
EFO_0010257,http://purl.obolibrary.org/obo/MONDO_0032733,"global developmental delay, progressive ataxia, and elevated glutamine"
EFO_0010258,http://purl.obolibrary.org/obo/MONDO_0032601,"inflammatory bowel disease, immunodeficiency, and encephalopathy"
EFO_0010259,http://purl.obolibrary.org/obo/MONDO_0032568,"intellectual developmental disorder with macrocephaly, seizures, and speech delay"
EFO_0010260,http://purl.obolibrary.org/obo/MONDO_0032680,global developmental delay with or without impaired intellectual development
EFO_0010261,http://purl.obolibrary.org/obo/MONDO_0026724,Paganini-Miozzo syndrome
EFO_0010262,http://purl.obolibrary.org/obo/MONDO_0032716,"leukoencephalopathy, acute reversible, with increased urinary alpha-ketoglutarate"
EFO_0010264,http://purl.obolibrary.org/obo/MONDO_0032660,"spinal muscular atrophy, lower extremity-predominant, 2b, prenatal onset, autosomal dominant"
EFO_0010268,http://purl.obolibrary.org/obo/MONDO_0032772,"brain abnormalities, neurodegeneration, and dysosteosclerosis"
EFO_0010277,http://purl.obolibrary.org/obo/MONDO_0032793,O'Donnell-Luria-Rodan syndrome
EFO_0010278,http://purl.obolibrary.org/obo/MONDO_0026727,Shukla-Vernon syndrome
EFO_0010280,http://purl.obolibrary.org/obo/MONDO_0032789,"intellectual developmental disorder, autosomal recessive 71"
EFO_0010560,http://purl.obolibrary.org/obo/MONDO_0032816,"neurodevelopmental disorder with ataxia, hypotonia, and microcephaly"
EFO_0010561,http://purl.obolibrary.org/obo/MONDO_0032817,"neurodevelopmental disorder with cataracts, poor growth, and dysmorphic facies"
EFO_0010562,http://purl.obolibrary.org/obo/MONDO_0032818,neurodevelopmental disorder with cerebellar hypoplasia and spasticity
EFO_0010563,http://purl.obolibrary.org/obo/MONDO_0032820,neurodevelopmental disorder with structural brain anomalies and dysmorphic facies
EFO_0010564,http://purl.obolibrary.org/obo/MONDO_0032824,glycosylphosphatidylinositol biosynthesis defect 21
EFO_0010565,http://purl.obolibrary.org/obo/MONDO_0032821,"myopathy, congenital, progressive, with scoliosis"
EFO_0010566,http://purl.obolibrary.org/obo/MONDO_0032823,intellectual developmental disorder 60 with seizures
EFO_0010567,http://purl.obolibrary.org/obo/MONDO_0032828,"spastic tetraplegia and axial hypotonia, progressive"
EFO_0010581,http://purl.obolibrary.org/obo/MONDO_0800386,organophosphate poisoning
EFO_0010582,http://purl.obolibrary.org/obo/MONDO_0700058,Morton neuroma
EFO_0010630,http://purl.obolibrary.org/obo/MONDO_0032832,"intellectual developmental disorder with nasal speech, dysmorphic facies, and variable skeletal anomalies"
EFO_0010631,http://purl.obolibrary.org/obo/MONDO_0032838,"neurodevelopmental disorder with microcephaly, arthrogryposis, and structural brain anomalies"
EFO_0010632,http://purl.obolibrary.org/obo/MONDO_0032868,lessel-kubisch syndrome
EFO_0010633,http://purl.obolibrary.org/obo/MONDO_0032842,Siddiqi syndrome
EFO_0010634,http://purl.obolibrary.org/obo/MONDO_0032830,snijders blok-fisher syndrome
EFO_0010643,http://purl.obolibrary.org/obo/MONDO_0032600,Snijders Blok-Campeau syndrome
EFO_0010645,http://purl.obolibrary.org/obo/MONDO_0032653,cardiac-urogenital syndrome
EFO_0010651,http://purl.obolibrary.org/obo/MONDO_0032851,intellectual developmental disorder with impaired language and dysmorphic facies
EFO_0010652,http://purl.obolibrary.org/obo/MONDO_0032870,intellectual developmental disorder with short stature and behavioral abnormalities
EFO_0010654,http://purl.obolibrary.org/obo/MONDO_0032860,"intellectual developmental disorder, autosomal recessive 72"
EFO_0010655,http://purl.obolibrary.org/obo/MONDO_0032879,"megabladder, congenital"
EFO_0010657,http://purl.obolibrary.org/obo/MONDO_0032876,neurodevelopmental disorder with absent language and variable seizures
EFO_0010658,http://purl.obolibrary.org/obo/MONDO_0032878,"neurodevelopmental disorder with behavioral abnormalities, absent speech, and hypotonia"
EFO_0010659,http://purl.obolibrary.org/obo/MONDO_0032855,neurodevelopmental disorder with dysmorphic facies and distal skeletal anomalies
EFO_0010662,http://purl.obolibrary.org/obo/MONDO_0032849,"neurodevelopmental disorder with spastic quadriplegia, optic atrophy, seizures, and structural brain anomalies"
EFO_0010663,http://purl.obolibrary.org/obo/MONDO_0032850,neurooculocardiogenitourinary syndrome
EFO_0010665,http://purl.obolibrary.org/obo/MONDO_0032875,short stature and microcephaly with genital anomalies
EFO_0010716,http://purl.obolibrary.org/obo/MONDO_0100128,coinfection
EFO_0010737,http://purl.obolibrary.org/obo/MONDO_0030018,autoinflammation with episodic fever and lymphadenopathy
EFO_0010738,http://purl.obolibrary.org/obo/MONDO_0030026,retinal dystrophy with leukodystrophy
EFO_0010739,http://purl.obolibrary.org/obo/MONDO_0030005,"epilepsy, early-onset, with or without developmental delay"
EFO_0010740,http://purl.obolibrary.org/obo/MONDO_0030012,Diets-Jongmans syndrome
EFO_0010819,http://purl.obolibrary.org/obo/MONDO_0100542,clonal hematopoiesis
EFO_1000086,http://purl.obolibrary.org/obo/MONDO_0003918,angiomatous meningioma
EFO_1000141,http://purl.obolibrary.org/obo/MONDO_1060180,brain stem glioblastoma
EFO_1000176,http://purl.obolibrary.org/obo/MONDO_0004544,chordoid meningioma
EFO_1000180,http://purl.obolibrary.org/obo/MONDO_0002918,clear cell meningioma
EFO_1000241,http://purl.obolibrary.org/obo/MONDO_0001783,endometrial stromal nodule
EFO_1000245,http://purl.obolibrary.org/obo/MONDO_0004540,epithelioid malignant peripheral nerve sheath tumor
EFO_1000258,http://purl.obolibrary.org/obo/MONDO_0004144,fibrous meningioma
EFO_1000341,http://purl.obolibrary.org/obo/MONDO_0020326,lymphomatoid papulosis
EFO_1000342,http://purl.obolibrary.org/obo/MONDO_0003056,lymphoplasmacyte-rich meningioma
EFO_1000357,http://purl.obolibrary.org/obo/MONDO_0002920,malignant ovarian Brenner tumor
EFO_1000370,http://purl.obolibrary.org/obo/MONDO_0016746,meningeal melanocytoma
EFO_1000372,http://purl.obolibrary.org/obo/MONDO_0004145,meningothelial meningioma
EFO_1000376,http://purl.obolibrary.org/obo/MONDO_0003058,microcystic meningioma
EFO_1000381,http://purl.obolibrary.org/obo/MONDO_0002386,mixed epithelial stromal tumor of the kidney
EFO_1000410,http://purl.obolibrary.org/obo/MONDO_0018936,osteoblastoma
EFO_1000422,http://purl.obolibrary.org/obo/MONDO_0020540,ovarian gynandroblastoma
EFO_1000429,http://purl.obolibrary.org/obo/MONDO_0036595,ovarian Sertoli-Leydig cell tumor
EFO_1000446,http://purl.obolibrary.org/obo/MONDO_0019035,pancreatoblastoma
EFO_1000447,http://purl.obolibrary.org/obo/MONDO_0002788,papillary craniopharyngioma
EFO_1000449,http://purl.obolibrary.org/obo/MONDO_0021088,papillary meningioma
EFO_1000451,http://purl.obolibrary.org/obo/MONDO_0016724,papillary tumor of the pineal region
EFO_1000500,http://purl.obolibrary.org/obo/MONDO_0004143,psammomatous meningioma
EFO_1000511,http://purl.obolibrary.org/obo/MONDO_0003262,rhabdoid meningioma
EFO_1000522,http://purl.obolibrary.org/obo/MONDO_0003055,secretory meningioma
EFO_1000542,http://purl.obolibrary.org/obo/MONDO_0044786,solid pseudopapillary neoplasm of the pancreas
EFO_1000572,http://purl.obolibrary.org/obo/MONDO_0020808,testicular sertoli cell tumor
EFO_1000602,http://purl.obolibrary.org/obo/MONDO_0004146,transitional meningioma
EFO_1000614,http://purl.obolibrary.org/obo/MONDO_0001845,uterine corpus lipoleiomyoma
EFO_1000621,http://purl.obolibrary.org/obo/MONDO_0044768,vagus nerve paraganglioma
EFO_1000674,http://purl.obolibrary.org/obo/MONDO_0002237,carbuncle
EFO_1000683,http://purl.obolibrary.org/obo/MONDO_0001479,cutaneous diphtheria
EFO_1000689,http://purl.obolibrary.org/obo/MONDO_0001404,ecthyma
EFO_1000696,http://purl.obolibrary.org/obo/MONDO_0002885,erythrasma
EFO_1000715,http://purl.obolibrary.org/obo/MONDO_0004591,impetigo herpetiformis
EFO_1000768,http://purl.obolibrary.org/obo/MONDO_0002987,spongiotic dermatitis
EFO_1000798,http://purl.obolibrary.org/obo/MONDO_0002110,adrenal rest tumor
EFO_1000804,http://purl.obolibrary.org/obo/MONDO_0003045,anal gland neoplasm
EFO_1000848,http://purl.obolibrary.org/obo/MONDO_0001011,breast cyst
EFO_1000856,http://purl.obolibrary.org/obo/MONDO_0019134,central neurocytoma
EFO_1000871,http://purl.obolibrary.org/obo/MONDO_0002801,colonic pseudo-obstruction
EFO_1000894,http://purl.obolibrary.org/obo/MONDO_0002378,dermoid cyst
EFO_1000960,http://purl.obolibrary.org/obo/MONDO_0006780,heartwater disease
EFO_1000989,http://purl.obolibrary.org/obo/MONDO_0004570,intestinal volvulus
EFO_1001038,http://purl.obolibrary.org/obo/MONDO_0002072,melanotic neuroectodermal tumor
EFO_1001188,http://purl.obolibrary.org/obo/MONDO_0003147,space motion sickness
EFO_1001191,http://purl.obolibrary.org/obo/MONDO_0006979,steatitis
EFO_1001201,http://purl.obolibrary.org/obo/MONDO_0002687,superior mesenteric artery syndrome
EFO_1001262,http://purl.obolibrary.org/obo/MONDO_0044083,alternariosis
EFO_1001263,http://purl.obolibrary.org/obo/MONDO_0850046,amniotic fluid embolism
EFO_1001282,http://purl.obolibrary.org/obo/MONDO_0044070,candidemia
EFO_1001299,http://purl.obolibrary.org/obo/MONDO_0043549,crush syndrome
EFO_1001301,http://purl.obolibrary.org/obo/MONDO_0043982,cubital tunnel syndrome
EFO_1001315,http://purl.obolibrary.org/obo/MONDO_0025489,enzootic bovine leukosis
EFO_1001381,http://purl.obolibrary.org/obo/MONDO_0043969,nocturnal paroxysmal dystonia
EFO_1001410,http://purl.obolibrary.org/obo/MONDO_1010000,pythiosis
EFO_1001440,http://purl.obolibrary.org/obo/MONDO_0025135,"tuberculosis, avian"
EFO_1001441,http://purl.obolibrary.org/obo/MONDO_0025136,"tuberculosis, bovine"
EFO_1001453,http://purl.obolibrary.org/obo/MONDO_0043988,zoster sine herpete
EFO_1001479,http://purl.obolibrary.org/obo/MONDO_0043875,tumor lysis syndrome
EFO_1001762,http://purl.obolibrary.org/obo/MONDO_0043975,autonomic dysreflexia
EFO_1001768,http://purl.obolibrary.org/obo/MONDO_0043523,cadmium poisoning
EFO_1001769,http://purl.obolibrary.org/obo/MONDO_0043529,carcinoid heart disease
EFO_1001776,http://purl.obolibrary.org/obo/MONDO_0043343,Chilaiditi syndrome
EFO_1001783,http://purl.obolibrary.org/obo/MONDO_0700292,desmoplastic fibroma
EFO_1001792,http://purl.obolibrary.org/obo/MONDO_0043589,femoral neck fracture
EFO_1001804,http://purl.obolibrary.org/obo/MONDO_0044037,livedo reticularis
EFO_1001811,http://purl.obolibrary.org/obo/MONDO_0043723,Monteggia's fracture
EFO_1001829,http://purl.obolibrary.org/obo/MONDO_0044033,posterior leukoencephalopathy syndrome
EFO_1001840,http://purl.obolibrary.org/obo/MONDO_0043775,respiratory paralysis
EFO_1001855,http://purl.obolibrary.org/obo/MONDO_0043287,superior vena cava syndrome
EFO_1001893,http://purl.obolibrary.org/obo/MONDO_0700048,hand-foot syndrome
EFO_1001907,http://purl.obolibrary.org/obo/MONDO_0044141,panic disorder without agoraphobia
EFO_1001909,http://purl.obolibrary.org/obo/MONDO_0004833,plantar fasciitis
EFO_1001913,http://purl.obolibrary.org/obo/MONDO_0000809,purpura fulminans
EFO_1001943,http://purl.obolibrary.org/obo/MONDO_0850267,childhood acute megakaryoblastic leukemia
EFO_1001955,http://purl.obolibrary.org/obo/MONDO_0859598,erythroleukemia
EFO_1001964,http://purl.obolibrary.org/obo/MONDO_0002993,pancreatic somatostatinoma
EFO_1002001,http://purl.obolibrary.org/obo/MONDO_0850269,core binding factor acute myeloid leukemia
EFO_1002002,http://purl.obolibrary.org/obo/MONDO_0031257,high altitude pulmonary edema
EFO_1002009,http://purl.obolibrary.org/obo/MONDO_1010183,macular telangiectasia type 2
EFO_1002021,http://purl.obolibrary.org/obo/MONDO_0043895,ankle injury
EFO_1002027,http://purl.obolibrary.org/obo/MONDO_0001068,osteomalacia
