No URI found for 1-PYRROLINE-5-CARBOXYLATE DEHYDROGENASE
http://purl.bioontology.org/ontology/OMIM/613898,3-HYDROXY-3-METHYLGLUTARYL-COA LYASE
http://purl.bioontology.org/ontology/OMIM/601609,3-HYDROXYACYL-COA DEHYDROGENASE
http://purl.bioontology.org/ontology/OMIM/610690,3-HYDROXYISOBUTYRYL-COA HYDROLASE
No URI found for 3-KETOACYL-COA THIOLASE
No URI found for 3-METHYLCROTONYL-COA CARBOXYLASE
No URI found for 4-AMINOBUTYRATE TRANSAMINASE
No URI found for 4-HYDROXYBUTYRATE DEHYDROGENASE
http://purl.bioontology.org/ontology/OMIM/612719,6-PYRUVOYL-TETRAHYDROPTERIN SYNTHASE
No URI found for 6-PYRUVOYLTETRAHYDROPTERIN SYNTHASE
http://purl.bioontology.org/ontology/OMIM/104760,AAA
No URI found for AAA ATPASE
http://purl.bioontology.org/ontology/OMIM/107930,AADC
No URI found for AAO
http://purl.bioontology.org/ontology/OMIM/605113,AASS
http://purl.bioontology.org/ontology/OMIM/137150,ABAT
No URI found for ABC
http://purl.bioontology.org/ontology/OMIM/300371,ABCD1
http://purl.bioontology.org/ontology/OMIM/170995,ABCD3
http://purl.bioontology.org/ontology/OMIM/604054,ACAA1
http://purl.bioontology.org/ontology/OMIM/609575,ACADVL
No URI found for ACETYL-COA C-ACETYLTRANSFERASE
No URI found for ACETYL-COA C-ACYLTRANSFERASE
No URI found for ACETYLCHOLINE ESTERASE
No URI found for ACETYLCHOLINE RECEPTOR
http://purl.bioontology.org/ontology/OMIM/100740,ACETYLCHOLINESTERASE
http://purl.bioontology.org/ontology/OMIM/100740,ACHE
No URI found for ACHR
http://purl.bioontology.org/ontology/OMIM/100850,ACO2
http://purl.bioontology.org/ontology/OMIM/609751,ACOX1
http://purl.bioontology.org/ontology/OMIM/601641,ACOX2
http://purl.bioontology.org/ontology/OMIM/603402,ACOX3
No URI found for ACTH
No URI found for ACTIN
No URI found for ACYL COA DEHYDROGENASE
No URI found for ACYL-COA DEHYDROGENASE
http://purl.bioontology.org/ontology/OMIM/609751,ACYL-COA OXIDASE
No URI found for ADCA
http://purl.bioontology.org/ontology/OMIM/608222,ADENYLOSUCCINATE LYASE
http://purl.bioontology.org/ontology/OMIM/109690,ADRB2
No URI found for ADRENOCORTICOTROPIC HORMONE
http://purl.bioontology.org/ontology/OMIM/300371,ADRENOLEUKODYSTROPHY PROTEIN
http://purl.bioontology.org/ontology/OMIM/608222,ADSL
No URI found for AGP
http://purl.bioontology.org/ontology/OMIM/603051,AGPS
http://purl.bioontology.org/ontology/OMIM/103320,AGRIN
http://purl.bioontology.org/ontology/OMIM/103320,AGRN
http://purl.bioontology.org/ontology/OMIM/103600,ALB
http://purl.bioontology.org/ontology/OMIM/103600,ALBUMIN
No URI found for ALCOHOL DEHYDROGENASE
http://purl.bioontology.org/ontology/OMIM/300100,ALD
No URI found for ALDEHYDE DEHYDROGENASE
No URI found for ALDEHYDE DEHYDROGENASE 5 FAMILY MEMBER A1
http://purl.bioontology.org/ontology/OMIM/103830,ALDEHYDE REDUCTASE
No URI found for ALDH
http://purl.bioontology.org/ontology/OMIM/100650,ALDH2
http://purl.bioontology.org/ontology/OMIM/609523,ALDH3A2
http://purl.bioontology.org/ontology/OMIM/606811,ALDH4A1
http://purl.bioontology.org/ontology/OMIM/610045,ALDH5A1
http://purl.bioontology.org/ontology/OMIM/603178,ALDH6A1
http://purl.bioontology.org/ontology/OMIM/107323,ALDH7A1
http://purl.bioontology.org/ontology/OMIM/602733,ALDH9A1
http://purl.bioontology.org/ontology/OMIM/103880,ALDOSE REDUCTASE
http://purl.bioontology.org/ontology/OMIM/300371,ALDP
http://purl.bioontology.org/ontology/OMIM/605907,ALG1
http://purl.bioontology.org/ontology/OMIM/612866,ALG14
http://purl.bioontology.org/ontology/OMIM/601057,ALG2
http://purl.bioontology.org/ontology/OMIM/608750,ALG3
http://purl.bioontology.org/ontology/OMIM/604566,ALG6
No URI found for ALKALINE PHOSPHATASE
No URI found for ALKYL-DIHYDROXYACETONEPHOSPHATE SYNTHASE
http://purl.bioontology.org/ontology/OMIM/605889,ALP
No URI found for ALPHA-1
No URI found for ALPHA-AMINOADIPIC SEMIALDEHYDE DEHYDROGENASE
No URI found for ALPHA-DYSTROGLYCAN
No URI found for ALPHA-FUCOSIDASE
http://purl.bioontology.org/ontology/OMIM/613022,ALPHA-KETOGLUTARATE DEHYDROGENASE
No URI found for ALPHA-MANNOSIDASE
http://purl.bioontology.org/ontology/OMIM/604489,ALPHA-METHYLACYL-COA RACEMASE
No URI found for ALPHA-SYNUCLEIN
http://purl.bioontology.org/ontology/OMIM/171760,ALPL
http://purl.bioontology.org/ontology/OMIM/171800,ALPP
http://purl.bioontology.org/ontology/OMIM/601489,ALS
No URI found for AMIDINOTRANSFERASE
No URI found for AMINO ACID DECARBOXYLASE
No URI found for AMINOADIPIC SEMIALDEHYDE SYNTHASE
No URI found for AMPA
No URI found for ANCHOR
http://purl.bioontology.org/ontology/OMIM/313700,ANDROGEN RECEPTOR
http://purl.bioontology.org/ontology/OMIM/107300,ANTITHROMBIN
http://purl.bioontology.org/ontology/OMIM/107300,ANTITHROMBIN III
http://purl.bioontology.org/ontology/OMIM/608083,APOC2
http://purl.bioontology.org/ontology/OMIM/107720,APOC3
http://purl.bioontology.org/ontology/OMIM/107741,APOE
http://purl.bioontology.org/ontology/OMIM/608083,APOLIPOPROTEIN C-II
http://purl.bioontology.org/ontology/OMIM/107720,APOLIPOPROTEIN C-III
No URI found for AROMATIC AMINO ACID DECARBOXYLASE
http://purl.bioontology.org/ontology/OMIM/107930,AROMATIC L-AMINO ACID DECARBOXYLASE
http://purl.bioontology.org/ontology/OMIM/108800,ASD
No URI found for ASPARTATE AMINOTRANSFERASE
No URI found for ASPARTATE-TRNA LIGASE
http://purl.bioontology.org/ontology/OMIM/603470,ASS1
No URI found for AT2G23390
http://purl.bioontology.org/ontology/OMIM/607047,AT3
http://purl.bioontology.org/ontology/OMIM/607047,ATAXIN 3
No URI found for ATAXIN-1
No URI found for ATAXIN-2
No URI found for ATAXIN-3
No URI found for ATAXIN-7
http://purl.bioontology.org/ontology/OMIM/601238,ATCAY
http://purl.bioontology.org/ontology/OMIM/607462,ATN1
No URI found for ATP SYNTHASE
http://purl.bioontology.org/ontology/OMIM/108730,ATP2A1
http://purl.bioontology.org/ontology/OMIM/516060,ATP6
http://purl.bioontology.org/ontology/OMIM/300197,ATP6AP1
http://purl.bioontology.org/ontology/OMIM/611716,ATP6V0A2
No URI found for ATPASE6
No URI found for ATQ
No URI found for ATROPHIN-1
No URI found for ATX-3
No URI found for ATX3
http://purl.bioontology.org/ontology/OMIM/601556,ATXN1
http://purl.bioontology.org/ontology/OMIM/611150,ATXN10
http://purl.bioontology.org/ontology/OMIM/601517,ATXN2
http://purl.bioontology.org/ontology/OMIM/607047,ATXN3
http://purl.bioontology.org/ontology/OMIM/607640,ATXN7
http://purl.bioontology.org/ontology/OMIM/603680,ATXN8OS
http://purl.bioontology.org/ontology/OMIM/603167,BAD
http://purl.bioontology.org/ontology/OMIM/600040,BAX
http://purl.bioontology.org/ontology/OMIM/118700,BCH
http://purl.bioontology.org/ontology/OMIM/151430,BCL2
http://purl.bioontology.org/ontology/OMIM/113505,BDNF
http://purl.bioontology.org/ontology/OMIM/604378,BECN1
No URI found for BETA-CATENIN
No URI found for BETA-HEXOSAMINIDASE
No URI found for BETA-KETOTHIOLASE
No URI found for BETA-PHOSPHOGLUCOMUTASE
http://purl.bioontology.org/ontology/OMIM/600348,BH
http://purl.bioontology.org/ontology/OMIM/609019,BIOTINIDASE
http://purl.bioontology.org/ontology/OMIM/609019,BTD
http://purl.bioontology.org/ontology/OMIM/613541,C12ORF65
http://purl.bioontology.org/ontology/OMIM/613927,C2
No URI found for C22
http://purl.bioontology.org/ontology/OMIM/120700,C3
No URI found for C4
http://purl.bioontology.org/ontology/OMIM/217050,C6
http://purl.bioontology.org/ontology/OMIM/614260,C9ORF72
http://purl.bioontology.org/ontology/OMIM/601011,CACNA1A
http://purl.bioontology.org/ontology/OMIM/114217,CALNEXIN
No URI found for CALPAIN
No URI found for CARDIAC TROPONIN T
http://purl.bioontology.org/ontology/OMIM/600184,CARNITINE ACETYLTRANSFERASE
No URI found for CARNITINE O-PALMITOYLTRANSFERASE
No URI found for CARNITINE TRANSPORTER
http://purl.bioontology.org/ontology/OMIM/608598,CASC2
http://purl.bioontology.org/ontology/OMIM/600636,CASP3
http://purl.bioontology.org/ontology/OMIM/617250,CAST
http://purl.bioontology.org/ontology/OMIM/115500,CAT
http://purl.bioontology.org/ontology/OMIM/115500,CATALASE
No URI found for CATECHOL O-METHYLTRANSFERASE
http://purl.bioontology.org/ontology/OMIM/601011,CAV2.1
http://purl.bioontology.org/ontology/OMIM/613734,CCDC115
http://purl.bioontology.org/ontology/OMIM/600114,CCTG
http://purl.bioontology.org/ontology/OMIM/116952,CDC42
http://purl.bioontology.org/ontology/OMIM/603412,CDC42BPA
No URI found for CDG1
No URI found for CELF
http://purl.bioontology.org/ontology/OMIM/601074,CELF1
http://purl.bioontology.org/ontology/OMIM/600381,CG1
http://purl.bioontology.org/ontology/OMIM/604722,CHAT
No URI found for CHITOBIOSYLDIPHOSPHODOLICHOL BETA-MANNOSYLTRANSFERASE
http://purl.bioontology.org/ontology/OMIM/118490,CHOLINE ACETYLTRANSFERASE
No URI found for CHOLINE O-ACETYLTRANSFERASE
No URI found for CHOLINESTERASE
http://purl.bioontology.org/ontology/OMIM/100690,CHRNA1
http://purl.bioontology.org/ontology/OMIM/118502,CHRNA2
http://purl.bioontology.org/ontology/OMIM/100710,CHRNB1
http://purl.bioontology.org/ontology/OMIM/100720,CHRND
http://purl.bioontology.org/ontology/OMIM/100725,CHRNE
http://purl.bioontology.org/ontology/OMIM/100730,CHRNG
http://purl.bioontology.org/ontology/OMIM/118950,CITRATE SYNTHASE
http://purl.bioontology.org/ontology/OMIM/603859,CITRIN
No URI found for CK
http://purl.bioontology.org/ontology/OMIM/123310,CKMM
http://purl.bioontology.org/ontology/OMIM/609686,CLB
No URI found for CLC-1
http://purl.bioontology.org/ontology/OMIM/118425,CLCN1
http://purl.bioontology.org/ontology/OMIM/185430,CLUSTERIN
http://purl.bioontology.org/ontology/OMIM/603253,CMAP
http://purl.bioontology.org/ontology/OMIM/604241,CMS
http://purl.bioontology.org/ontology/OMIM/116955,CNBP
http://purl.bioontology.org/ontology/OMIM/609064,CNDP1
No URI found for CO-CHAPERONE
http://purl.bioontology.org/ontology/OMIM/606977,COG6
http://purl.bioontology.org/ontology/OMIM/606978,COG7
http://purl.bioontology.org/ontology/OMIM/606979,COG8
http://purl.bioontology.org/ontology/OMIM/120350,COL13A1
No URI found for COLLAGEN
No URI found for COLLAGEN Q
No URI found for COLLAGEN TYPE IV
http://purl.bioontology.org/ontology/OMIM/603033,COLQ
No URI found for COMPLEX I SUBUNIT
No URI found for CONV
No URI found for COX
http://purl.bioontology.org/ontology/OMIM/516030,COX1
http://purl.bioontology.org/ontology/OMIM/602125,COX10
http://purl.bioontology.org/ontology/OMIM/603646,COX15
No URI found for CREATINE KINASE
http://purl.bioontology.org/ontology/OMIM/270420,CSD
http://purl.bioontology.org/ontology/OMIM/213700,CTX
No URI found for CUG-BP
No URI found for CUG-BP1
http://purl.bioontology.org/ontology/OMIM/601074,CUGBP1
http://purl.bioontology.org/ontology/OMIM/124060,CYP1A2
http://purl.bioontology.org/ontology/OMIM/613381,CYSTATHIONINE BETA-SYNTHASE
http://purl.bioontology.org/ontology/OMIM/123970,CYTOCHROME C
No URI found for CYTOCHROME C OXIDASE
No URI found for CYTOCHROME OXIDASE
No URI found for CYTOCHROME-C OXIDASE
No URI found for CYTOSOLIC CATALASE
http://purl.bioontology.org/ontology/OMIM/124050,D-AMINO ACID OXIDASE
No URI found for D-AMINO-ACID OXIDASE
http://purl.bioontology.org/ontology/OMIM/602715,D1
http://purl.bioontology.org/ontology/OMIM/128239,DAG1
http://purl.bioontology.org/ontology/OMIM/126455,DAT
http://purl.bioontology.org/ontology/OMIM/609312,DBH
http://purl.bioontology.org/ontology/OMIM/124097,DBP
http://purl.bioontology.org/ontology/OMIM/605755,DCDC2
http://purl.bioontology.org/ontology/OMIM/125255,DECORIN
http://purl.bioontology.org/ontology/OMIM/125660,DESMIN
No URI found for DHAP-AT
http://purl.bioontology.org/ontology/OMIM/602744,DHAPAT
http://purl.bioontology.org/ontology/OMIM/126060,DHFR
http://purl.bioontology.org/ontology/OMIM/612676,DHPR
http://purl.bioontology.org/ontology/OMIM/614984,DHTKD1
http://purl.bioontology.org/ontology/OMIM/238331,DIHYDROLIPOAMIDE DEHYDROGENASE
http://purl.bioontology.org/ontology/OMIM/612676,DIHYDROPTERIDINE REDUCTASE
No URI found for DIHYDROXYACETONE PHOSPHATE ACYLTRANSFERASE
http://purl.bioontology.org/ontology/OMIM/160900,DM1
No URI found for DM1 PROTEIN KINASE
http://purl.bioontology.org/ontology/OMIM/602668,DM2
http://purl.bioontology.org/ontology/OMIM/300377,DMD
http://purl.bioontology.org/ontology/OMIM/605377,DMPK
http://purl.bioontology.org/ontology/OMIM/609857,DMWD
No URI found for DNA POLYMERASE GAMMA
No URI found for DNA-DIRECTED DNA POLYMERASE
http://purl.bioontology.org/ontology/OMIM/614566,DNAAF3
http://purl.bioontology.org/ontology/OMIM/606060,DNAJC12
http://purl.bioontology.org/ontology/OMIM/602378,DNM2
No URI found for DOK-7
http://purl.bioontology.org/ontology/OMIM/610285,DOK7
http://purl.bioontology.org/ontology/OMIM/610746,DOLICHOL KINASE
http://purl.bioontology.org/ontology/OMIM/610746,DOLK
No URI found for DOPAMINE BETA-HYDROXYLASE
http://purl.bioontology.org/ontology/OMIM/610285,DOWNSTREAM OF TYROSINE KINASE 7
http://purl.bioontology.org/ontology/OMIM/191350,DPAGT1
http://purl.bioontology.org/ontology/OMIM/603503,DPM1
http://purl.bioontology.org/ontology/OMIM/125370,DRPLA
No URI found for DUB
No URI found for DYSTROGLYCAN
http://purl.bioontology.org/ontology/OMIM/605377,DYSTROPHIA MYOTONICA PROTEIN KINASE
http://purl.bioontology.org/ontology/OMIM/300377,DYSTROPHIN
No URI found for E1 ALPHA
http://purl.bioontology.org/ontology/OMIM/238331,E3
No URI found for EC1.2
http://purl.bioontology.org/ontology/OMIM/602292,ECHS1
http://purl.bioontology.org/ontology/OMIM/606018,EDIL3
http://purl.bioontology.org/ontology/OMIM/607037,EHHADH
http://purl.bioontology.org/ontology/OMIM/609596,EIF3K
No URI found for ELECTRON TRANSFER FLAVOPROTEIN
http://purl.bioontology.org/ontology/OMIM/231680,EMA
No URI found for ENOYL-COA HYDRATASE
http://purl.bioontology.org/ontology/OMIM/133170,EP
http://purl.bioontology.org/ontology/OMIM/179611,EPHA3
http://purl.bioontology.org/ontology/OMIM/617795,EPOP
http://purl.bioontology.org/ontology/OMIM/177000,EPP
No URI found for ERC
http://purl.bioontology.org/ontology/OMIM/126380,ERCC1
http://purl.bioontology.org/ontology/OMIM/165080,ERG
No URI found for ERH3
http://purl.bioontology.org/ontology/OMIM/601795,ERK1
No URI found for ERK1/2
http://purl.bioontology.org/ontology/OMIM/612219,ES
No URI found for EYE
http://purl.bioontology.org/ontology/OMIM/264900,F11
http://purl.bioontology.org/ontology/OMIM/300841,F8
http://purl.bioontology.org/ontology/OMIM/300746,F9
http://purl.bioontology.org/ontology/OMIM/607087,FAA2
No URI found for FAD
http://purl.bioontology.org/ontology/OMIM/611061,FAM20C
No URI found for FERRITIN
No URI found for FIBRINOGEN
http://purl.bioontology.org/ontology/OMIM/600007,FL
http://purl.bioontology.org/ontology/OMIM/309550,FMR1
No URI found for FOLATE RECEPTOR 1
http://purl.bioontology.org/ontology/OMIM/136430,FOLR1
http://purl.bioontology.org/ontology/OMIM/613622,FOXRED1
No URI found for FRAGILE X MENTAL RETARDATION
http://purl.bioontology.org/ontology/OMIM/606829,FRATAXIN
http://purl.bioontology.org/ontology/OMIM/309550,FRAXA
http://purl.bioontology.org/ontology/OMIM/229300,FRDA
No URI found for FSH
http://purl.bioontology.org/ontology/OMIM/136850,FUMARASE
http://purl.bioontology.org/ontology/OMIM/606829,FXN
http://purl.bioontology.org/ontology/OMIM/606365,GA
http://purl.bioontology.org/ontology/OMIM/231670,GA1
http://purl.bioontology.org/ontology/OMIM/231690,GA3
http://purl.bioontology.org/ontology/OMIM/606800,GAA
No URI found for GABA RECEPTOR
No URI found for GABA TRANSAMINASE
No URI found for GABA-T
No URI found for GABAA
http://purl.bioontology.org/ontology/OMIM/605363,GAD1
http://purl.bioontology.org/ontology/OMIM/138275,GAD2
No URI found for GAI
No URI found for GAMMA-AMINOBUTYRIC ACID TRANSAMINASE
No URI found for GAMMA-GLUTAMYLTRANSFERASE
http://purl.bioontology.org/ontology/OMIM/601240,GAMT
No URI found for GCD
http://purl.bioontology.org/ontology/OMIM/608801,GCDH
No URI found for GCH
No URI found for GCH-1
http://purl.bioontology.org/ontology/OMIM/600225,GCH1
http://purl.bioontology.org/ontology/OMIM/602437,GCHFR
http://purl.bioontology.org/ontology/OMIM/138090,GDH
No URI found for GEK
No URI found for GENE C
http://purl.bioontology.org/ontology/OMIM/137780,GFAP
http://purl.bioontology.org/ontology/OMIM/138292,GFPT1
http://purl.bioontology.org/ontology/OMIM/602437,GFRP
No URI found for GLC-1
No URI found for GLCNAC
http://purl.bioontology.org/ontology/OMIM/600300,GLT1
http://purl.bioontology.org/ontology/OMIM/138030,GLUCAGON
No URI found for GLUCOAMYLASE
http://purl.bioontology.org/ontology/OMIM/138140,GLUCOSE TRANSPORTER 1
No URI found for GLUCOSE TRANSPORTER TYPE 1
No URI found for GLUCOSYLTRANSFERASE
No URI found for GLUTAMATE DECARBOXYLASE
No URI found for GLUTAMATE DEHYDROGENASE
No URI found for GLUTAMATE DEHYDROGENASE A
No URI found for GLUTAMATE RECEPTOR
No URI found for GLUTAMATE TRANSPORTER
http://purl.bioontology.org/ontology/OMIM/138290,GLUTAMATE-AMMONIA LIGASE
No URI found for GLUTAMIC ACID DECARBOXYLASE
http://purl.bioontology.org/ontology/OMIM/138290,GLUTAMINE SYNTHETASE
No URI found for GLUTAMINE-FRUCTOSE-6-PHOSPHATE TRANSAMINASE 1
http://purl.bioontology.org/ontology/OMIM/608801,GLUTARYL-COA DEHYDROGENASE
No URI found for GLUTARYL-COENZYME A DEHYDROGENASE
No URI found for GLUTATHIONE PEROXIDASE
http://purl.bioontology.org/ontology/OMIM/138300,GLUTATHIONE REDUCTASE
http://purl.bioontology.org/ontology/OMIM/613738,GLYCERYL-ETHER MONOOXYGENASE
No URI found for GLYCOGEN PHOSPHORYLASE
http://purl.bioontology.org/ontology/OMIM/615320,GMPPB
http://purl.bioontology.org/ontology/OMIM/602744,GNPAT
http://purl.bioontology.org/ontology/OMIM/606672,GP1BA
http://purl.bioontology.org/ontology/OMIM/172400,GPI
No URI found for GPX
http://purl.bioontology.org/ontology/OMIM/138040,GR
http://purl.bioontology.org/ontology/OMIM/606650,GRIN3A
No URI found for GROWTH HORMONE
http://purl.bioontology.org/ontology/OMIM/175100,GS
No URI found for GTP CYCLOHYDROLASE
http://purl.bioontology.org/ontology/OMIM/600225,GTP CYCLOHYDROLASE I
No URI found for GTPCH
No URI found for H5
http://purl.bioontology.org/ontology/OMIM/600890,HADHA
http://purl.bioontology.org/ontology/OMIM/143100,HD
No URI found for HDAC
No URI found for HEMOGLOBIN
http://purl.bioontology.org/ontology/OMIM/607474,HGD
http://purl.bioontology.org/ontology/OMIM/610690,HIBCH
No URI found for HIGH-AFFINITY CHOLINE TRANSPORTER 1
No URI found for HISTONE DEACETYLASE
No URI found for HMPREF1120_07827
No URI found for HMPREF1541_06742
No URI found for HMPREF9417_RS07070
No URI found for HOOK-LIKE
No URI found for HPH-1
http://purl.bioontology.org/ontology/OMIM/266140,HPP
http://purl.bioontology.org/ontology/OMIM/601860,HSD17B4
http://purl.bioontology.org/ontology/OMIM/602195,HSP27
http://purl.bioontology.org/ontology/OMIM/601113,HSP70
http://purl.bioontology.org/ontology/OMIM/602195,HSPB1
http://purl.bioontology.org/ontology/OMIM/182138,HTT
http://purl.bioontology.org/ontology/OMIM/613004,HUNTINGTIN
No URI found for HYDR2
No URI found for HYDRATASE
No URI found for HYDROXYACYL-COA DEHYDROGENASE
http://purl.bioontology.org/ontology/OMIM/612801,IARS2
No URI found for IB
http://purl.bioontology.org/ontology/OMIM/147840,ICAM1
No URI found for IGF
No URI found for IGF-1
No URI found for IGF-1R
http://purl.bioontology.org/ontology/OMIM/147280,IGF2R
http://purl.bioontology.org/ontology/OMIM/600549,IK
http://purl.bioontology.org/ontology/OMIM/147720,IL1B
No URI found for INE
No URI found for INR
http://purl.bioontology.org/ontology/OMIM/176730,INS
No URI found for INS2
http://purl.bioontology.org/ontology/OMIM/147670,INSR
http://purl.bioontology.org/ontology/OMIM/147670,INSULIN RECEPTOR
http://purl.bioontology.org/ontology/OMIM/611720,IRF2BPL
http://purl.bioontology.org/ontology/OMIM/607036,ISOVALERYL-COA DEHYDROGENASE
http://purl.bioontology.org/ontology/OMIM/147265,ITPR1
http://purl.bioontology.org/ontology/OMIM/605268,JPH3
http://purl.bioontology.org/ontology/OMIM/602235,KCNQ2
http://purl.bioontology.org/ontology/OMIM/608167,KCNT1
http://purl.bioontology.org/ontology/OMIM/609269,KIAA0319
http://purl.bioontology.org/ontology/OMIM/605197,KYNURENINASE
No URI found for L-AMINOADIPATE-SEMIALDEHYDE DEHYDROGENASE
No URI found for L-LACTATE DEHYDROGENASE
http://purl.bioontology.org/ontology/OMIM/601033,LAMA5
http://purl.bioontology.org/ontology/OMIM/150325,LAMB2
No URI found for LAMININ
No URI found for LDL RECEPTOR
http://purl.bioontology.org/ontology/OMIM/606682,LE
No URI found for LECTIN
http://purl.bioontology.org/ontology/OMIM/153454,LH
No URI found for LOC100125585
No URI found for LOC103627748
No URI found for LOC103631954
No URI found for LOC107826841
No URI found for LONG-CHAIN ACYL-COA DEHYDROGENASE
No URI found for LONG-CHAIN-FATTY-ACID-COA LIGASE
No URI found for LOW-DENSITY LIPOPROTEIN RECEPTOR-RELATED PROTEIN 4
No URI found for LR
http://purl.bioontology.org/ontology/OMIM/604270,LRP4
http://purl.bioontology.org/ontology/OMIM/607544,LRPPRC
No URI found for LS
No URI found for M1
No URI found for M3
No URI found for M4
http://purl.bioontology.org/ontology/OMIM/231680,MADD
No URI found for MANNOSE PHOSPHATE ISOMERASE
No URI found for MANNOSE-1-PHOSPHATE
No URI found for MANNOSE-6-PHOSPHATE ISOMERASE
No URI found for MANNOSYLTRANSFERASE
http://purl.bioontology.org/ontology/OMIM/309860,MAOB
http://purl.bioontology.org/ontology/OMIM/601242,MAP1LC3A
http://purl.bioontology.org/ontology/OMIM/157140,MAPT
http://purl.bioontology.org/ontology/OMIM/154545,MBL
http://purl.bioontology.org/ontology/OMIM/606516,MBNL1
http://purl.bioontology.org/ontology/OMIM/607327,MBNL2
http://purl.bioontology.org/ontology/OMIM/300413,MBNL3
http://purl.bioontology.org/ontology/OMIM/114019,MCAD
http://purl.bioontology.org/ontology/OMIM/605241,MD1
http://purl.bioontology.org/ontology/OMIM/601231,MECHANISTIC TARGET OF RAPAMYCIN
http://purl.bioontology.org/ontology/OMIM/300005,MECP2
No URI found for MEDIUM CHAIN ACYL-COA DEHYDROGENASE
http://purl.bioontology.org/ontology/OMIM/607008,MEDIUM-CHAIN ACYL-COA DEHYDROGENASE
http://purl.bioontology.org/ontology/OMIM/116880,MEP
No URI found for METHYLENETETRAHYDROFOLATE REDUCTASE
No URI found for METHYLMALONYL-COA DECARBOXYLASE
http://purl.bioontology.org/ontology/OMIM/609058,METHYLMALONYL-COA MUTASE
http://purl.bioontology.org/ontology/OMIM/251170,MEVALONATE KINASE
http://purl.bioontology.org/ontology/OMIM/601860,MFP2
http://purl.bioontology.org/ontology/OMIM/608486,MIM
No URI found for MIRR
No URI found for MITOCHONDRIAL ATP SYNTHASE
No URI found for MITOCHONDRIAL ATPASE
http://purl.bioontology.org/ontology/OMIM/611766,MITOCHONDRIAL METHIONYL-TRNA FORMYLTRANSFERASE
http://purl.bioontology.org/ontology/OMIM/109150,MJD
http://purl.bioontology.org/ontology/OMIM/607047,MJD1
No URI found for MMA
http://purl.bioontology.org/ontology/OMIM/604467,MMD
No URI found for MOL
http://purl.bioontology.org/ontology/OMIM/603708,MOLYBDOPTERIN SYNTHASE
http://purl.bioontology.org/ontology/OMIM/309850,MONOAMINE OXIDASE A
http://purl.bioontology.org/ontology/OMIM/154550,MPI
No URI found for MRCK
http://purl.bioontology.org/ontology/OMIM/125220,MRS
No URI found for MSA
http://purl.bioontology.org/ontology/OMIM/609309,MSH2
http://purl.bioontology.org/ontology/OMIM/600887,MSH3
No URI found for MT-1
No URI found for MT-ATP6
No URI found for MT-ND1
No URI found for MT-ND3
No URI found for MT-ND5
No URI found for MT-ND6
http://purl.bioontology.org/ontology/OMIM/516060,MTATP6
http://purl.bioontology.org/ontology/OMIM/611766,MTFMT
http://purl.bioontology.org/ontology/OMIM/601231,MTOR
http://purl.bioontology.org/ontology/OMIM/601860,MULTIFUNCTIONAL PROTEIN 2
No URI found for MUSCLEBLIND
No URI found for MUSCLEBLIND-LIKE 1
http://purl.bioontology.org/ontology/OMIM/606516,MUSCLEBLIND-LIKE PROTEIN 1
http://purl.bioontology.org/ontology/OMIM/601296,MUSK
http://purl.bioontology.org/ontology/OMIM/600887,MUTS HOMOLOG 3
http://purl.bioontology.org/ontology/OMIM/159430,MYELIN BASIC PROTEIN
http://purl.bioontology.org/ontology/OMIM/159460,MYELIN-ASSOCIATED GLYCOPROTEIN
http://purl.bioontology.org/ontology/OMIM/604875,MYO9A
http://purl.bioontology.org/ontology/OMIM/159970,MYOD
http://purl.bioontology.org/ontology/OMIM/159980,MYOGENIN
No URI found for MYOSIN
No URI found for MYOSIN HEAVY CHAIN
http://purl.bioontology.org/ontology/OMIM/605377,MYOTONIN-PROTEIN KINASE
http://purl.bioontology.org/ontology/OMIM/114020,N-CADHERIN
No URI found for NA(V)1.4
No URI found for NAC
No URI found for NACHR
No URI found for NAD(P)H DEHYDROGENASE (QUINONE)
No URI found for NADH DEHYDROGENASE
No URI found for NADPH OXIDASE
No URI found for NALD
http://purl.bioontology.org/ontology/OMIM/600750,NARP
http://purl.bioontology.org/ontology/OMIM/612803,NARS2
http://purl.bioontology.org/ontology/OMIM/603967,NAV1.4
http://purl.bioontology.org/ontology/OMIM/251260,NBS
http://purl.bioontology.org/ontology/OMIM/164035,NCL
http://purl.bioontology.org/ontology/OMIM/310600,ND
No URI found for ND-51
http://purl.bioontology.org/ontology/OMIM/609209,ND1
No URI found for ND2
No URI found for ND3
No URI found for ND4
No URI found for ND5
No URI found for ND6
http://purl.bioontology.org/ontology/OMIM/614530,NDUFA12
http://purl.bioontology.org/ontology/OMIM/612360,NDUFAF5
http://purl.bioontology.org/ontology/OMIM/612392,NDUFAF6
http://purl.bioontology.org/ontology/OMIM/157655,NDUFS1
http://purl.bioontology.org/ontology/OMIM/602985,NDUFS2
http://purl.bioontology.org/ontology/OMIM/602694,NDUFS4
http://purl.bioontology.org/ontology/OMIM/601825,NDUFS7
http://purl.bioontology.org/ontology/OMIM/602141,NDUFS8
http://purl.bioontology.org/ontology/OMIM/161015,NDUFV1
http://purl.bioontology.org/ontology/OMIM/161650,NEB
http://purl.bioontology.org/ontology/OMIM/600915,NESTIN
http://purl.bioontology.org/ontology/OMIM/616999,NEUN
http://purl.bioontology.org/ontology/OMIM/613113,NEUROFIBROMATOSIS TYPE 1
No URI found for NEUROFILAMENT LIGHT CHAIN
http://purl.bioontology.org/ontology/OMIM/164011,NFKB1
No URI found for NICOTINIC RECEPTOR
No URI found for NITRIC OXIDE SYNTHASE
No URI found for NMD
No URI found for NMDA
No URI found for NMDA RECEPTOR
No URI found for NNOS
No URI found for NONKETOTIC HYPERGLYCINEMIA
http://purl.bioontology.org/ontology/OMIM/163731,NOS1
http://purl.bioontology.org/ontology/OMIM/108780,NPPA
http://purl.bioontology.org/ontology/OMIM/138249,NR1
http://purl.bioontology.org/ontology/OMIM/138253,NR2A
http://purl.bioontology.org/ontology/OMIM/138252,NR2B
http://purl.bioontology.org/ontology/OMIM/600492,NRF2
No URI found for NRT
http://purl.bioontology.org/ontology/OMIM/162360,NSCL
http://purl.bioontology.org/ontology/OMIM/613349,OAT
http://purl.bioontology.org/ontology/OMIM/MTHU073061,OCD
http://purl.bioontology.org/ontology/OMIM/605290,OPA1
No URI found for OPCA
http://purl.bioontology.org/ontology/OMIM/300461,ORNITHINE TRANSCARBAMYLASE
http://purl.bioontology.org/ontology/OMIM/300461,OTC
http://purl.bioontology.org/ontology/OMIM/605917,P100
http://purl.bioontology.org/ontology/OMIM/607835,P14
http://purl.bioontology.org/ontology/OMIM/300237,P21
No URI found for P22
No URI found for P4
No URI found for P5C
No URI found for P5CR
http://purl.bioontology.org/ontology/OMIM/601530,P62
http://purl.bioontology.org/ontology/OMIM/602325,P97
http://purl.bioontology.org/ontology/OMIM/168730,PA
No URI found for PA1253
No URI found for PAF-1
No URI found for PAF-2
http://purl.bioontology.org/ontology/OMIM/606157,PANK2
http://purl.bioontology.org/ontology/OMIM/600116,PARK2
http://purl.bioontology.org/ontology/OMIM/602544,PARKIN
No URI found for PAS-1
http://purl.bioontology.org/ontology/OMIM/126090,PCBD1
http://purl.bioontology.org/ontology/OMIM/212790,PCD
http://purl.bioontology.org/ontology/OMIM/611672,PCFT
http://purl.bioontology.org/ontology/OMIM/171490,PDC
http://purl.bioontology.org/ontology/OMIM/266100,PDE
No URI found for PDH
http://purl.bioontology.org/ontology/OMIM/300502,PDHA1
http://purl.bioontology.org/ontology/OMIM/274600,PDS
http://purl.bioontology.org/ontology/OMIM/179020,PDXK
http://purl.bioontology.org/ontology/OMIM/131330,PENK
No URI found for PEO
http://purl.bioontology.org/ontology/OMIM/142461,PERLECAN
No URI found for PEROXIN
http://purl.bioontology.org/ontology/OMIM/176763,PEROXIREDOXIN 1
No URI found for PEROXISOMAL 3-KETOACYL-COA THIOLASE
No URI found for PEROXISOMAL BIFUNCTIONAL ENZYME
No URI found for PEROXISOMAL BIOGENESIS FACTOR 2
No URI found for PEROXISOMAL MEMBRANE PROTEIN
No URI found for PEROXISOMAL TARGETING SIGNAL 2 RECEPTOR
http://purl.bioontology.org/ontology/OMIM/613749,PEX1
http://purl.bioontology.org/ontology/OMIM/602859,PEX10
http://purl.bioontology.org/ontology/OMIM/603866,PEX11A
http://purl.bioontology.org/ontology/OMIM/603867,PEX11B
http://purl.bioontology.org/ontology/OMIM/601758,PEX12
http://purl.bioontology.org/ontology/OMIM/601789,PEX13
http://purl.bioontology.org/ontology/OMIM/601791,PEX14
No URI found for PEX14P
http://purl.bioontology.org/ontology/OMIM/603360,PEX16
http://purl.bioontology.org/ontology/OMIM/600279,PEX19
No URI found for PEX19P
http://purl.bioontology.org/ontology/OMIM/170993,PEX2
http://purl.bioontology.org/ontology/OMIM/608666,PEX26
http://purl.bioontology.org/ontology/OMIM/603164,PEX3
No URI found for PEX3P
http://purl.bioontology.org/ontology/OMIM/600414,PEX5
No URI found for PEX5P
http://purl.bioontology.org/ontology/OMIM/601498,PEX6
http://purl.bioontology.org/ontology/OMIM/601757,PEX7
http://purl.bioontology.org/ontology/OMIM/171900,PGM1
http://purl.bioontology.org/ontology/OMIM/612349,PHENYLALANINE HYDROXYLASE
http://purl.bioontology.org/ontology/OMIM/171190,PHENYLETHANOLAMINE N-METHYLTRANSFERASE
http://purl.bioontology.org/ontology/OMIM/300550,PHEX
No URI found for PHOSPHOGLUCOMUTASE
No URI found for PHOSPHOHYDROLASE
No URI found for PHOSPHOMANNOMUTASE
http://purl.bioontology.org/ontology/OMIM/601785,PHOSPHOMANNOMUTASE 2
No URI found for PHOSPHOMANNOSE ISOMERASE
http://purl.bioontology.org/ontology/OMIM/607622,PHOSPHOMEVALONATE KINASE
http://purl.bioontology.org/ontology/OMIM/602026,PHYH
http://purl.bioontology.org/ontology/OMIM/610274,PIGV
http://purl.bioontology.org/ontology/OMIM/261600,PKU
http://purl.bioontology.org/ontology/OMIM/246600,PL
http://purl.bioontology.org/ontology/OMIM/601282,PLEC
http://purl.bioontology.org/ontology/OMIM/601282,PLECTIN
http://purl.bioontology.org/ontology/OMIM/300401,PLP
http://purl.bioontology.org/ontology/OMIM/604436,PLPBP
http://purl.bioontology.org/ontology/OMIM/180989,PM
No URI found for PMM
http://purl.bioontology.org/ontology/OMIM/601786,PMM1
http://purl.bioontology.org/ontology/OMIM/601785,PMM2
http://purl.bioontology.org/ontology/OMIM/170995,PMP70
http://purl.bioontology.org/ontology/OMIM/604173,PN
http://purl.bioontology.org/ontology/OMIM/171190,PNMT
http://purl.bioontology.org/ontology/OMIM/603287,PNPO
http://purl.bioontology.org/ontology/OMIM/174763,POLG
http://purl.bioontology.org/ontology/OMIM/609853,PPCS
http://purl.bioontology.org/ontology/OMIM/604325,PPP2R2B
http://purl.bioontology.org/ontology/OMIM/600722,PPT
http://purl.bioontology.org/ontology/OMIM/168790,PR
http://purl.bioontology.org/ontology/OMIM/600538,PRDX2
http://purl.bioontology.org/ontology/OMIM/609557,PREPL
No URI found for PREPROINSULIN
No URI found for PREPROTACHYKININ
http://purl.bioontology.org/ontology/OMIM/176980,PRKCG
http://purl.bioontology.org/ontology/OMIM/176640,PRNP
http://purl.bioontology.org/ontology/OMIM/176760,PROLACTIN
http://purl.bioontology.org/ontology/OMIM/602668,PROMM
No URI found for PROSALPHA5
http://purl.bioontology.org/ontology/OMIM/604436,PROSC
http://purl.bioontology.org/ontology/OMIM/187930,PROTEASE-ACTIVATED RECEPTOR 1
http://purl.bioontology.org/ontology/OMIM/612283,PROTEIN C
No URI found for PROTEIN KINASE C
http://purl.bioontology.org/ontology/OMIM/176880,PROTEIN S
http://purl.bioontology.org/ontology/OMIM/176930,PROTHROMBIN
http://purl.bioontology.org/ontology/OMIM/600693,PTB
No URI found for PTERIN-4-ALPHA-CARBINOLAMINE DEHYDRATASE
No URI found for PTERIN-4A-CARBINOLAMINE DEHYDRATASE
http://purl.bioontology.org/ontology/OMIM/176805,PTGS1
http://purl.bioontology.org/ontology/OMIM/612719,PTPS
http://purl.bioontology.org/ontology/OMIM/612719,PTS
No URI found for PTS1
http://purl.bioontology.org/ontology/OMIM/600414,PTS1 RECEPTOR
No URI found for PTS2
http://purl.bioontology.org/ontology/OMIM/179020,PYRIDOXAL KINASE
No URI found for PYRIDOXAL PHOSPHATE HOMEOSTASIS PROTEIN
http://purl.bioontology.org/ontology/OMIM/608786,PYRUVATE CARBOXYLASE
No URI found for PYRUVATE DECARBOXYLASE
No URI found for PYRUVATE DEHYDROGENASE
No URI found for PYRUVATE DEHYDROGENASE COMPLEX
http://purl.bioontology.org/ontology/OMIM/612676,QDPR
http://purl.bioontology.org/ontology/OMIM/176981,RACK1
http://purl.bioontology.org/ontology/OMIM/600061,RAD23A
http://purl.bioontology.org/ontology/OMIM/601179,RAN
http://purl.bioontology.org/ontology/OMIM/601592,RAPSN
http://purl.bioontology.org/ontology/OMIM/601592,RAPSYN
http://purl.bioontology.org/ontology/OMIM/611908,RFT1
http://purl.bioontology.org/ontology/OMIM/180380,RHO
No URI found for ROCK
http://purl.bioontology.org/ontology/OMIM/165020,ROS
http://purl.bioontology.org/ontology/OMIM/312750,RTT
http://purl.bioontology.org/ontology/OMIM/180901,RYR1
