http://purl.bioontology.org/ontology/MESH/C079148,(3-AMINOPROPYL)(N-BUTYL)PHOSPHINIC ACID
http://purl.bioontology.org/ontology/MESH/C070417,(3R)-((2,3-DIHYDRO-5-METHYL-3-((4-MORPHOLINYL)METHYL)PYRROLO-(1,2,3-DE)-1,4-BENZOXAZIN-6-YL)(1-NAPHTHALENYL))METHANONE
http://purl.bioontology.org/ontology/MESH/C051360,1,3-DIPROPYL-8-CYCLOPENTYLXANTHINE
http://purl.bioontology.org/ontology/MESH/C038806,1,4-DIHYDROPYRIDINE
http://purl.bioontology.org/ontology/MESH/D019307,1-(5-ISOQUINOLINESULFONYL)-2-METHYLPIPERAZINE
http://purl.bioontology.org/ontology/MESH/D015632,1-METHYL-4-PHENYL-1,2,3,6-TETRAHYDROPYRIDINE
http://purl.bioontology.org/ontology/MESH/C046783,11,12-EPOXY-5,8,14-EICOSATRIENOIC ACID
http://purl.bioontology.org/ontology/MESH/C046782,14,15-EPOXY-5,8,11-EICOSATRIENOIC ACID
http://purl.bioontology.org/ontology/MESH/C062865,2,3-DIOXO-6-NITRO-7-SULFAMOYLBENZO(F)QUINOXALINE
http://purl.bioontology.org/ontology/MESH/D019297,2,4-DINITROPHENOL
http://purl.bioontology.org/ontology/MESH/C082313,2-(2,3-DICARBOXYCYCLOPROPYL)GLYCINE
http://purl.bioontology.org/ontology/MESH/D015074,2-AMINOADIPIC ACID
http://purl.bioontology.org/ontology/MESH/C006261,3-BETA-(2-(DIETHYLAMINO)ETHOXY)ANDROST-5-EN-17-ONE
http://purl.bioontology.org/ontology/MESH/D015095,3-HYDROXYANTHRANILIC ACID
http://purl.bioontology.org/ontology/MESH/C055743,3-IODO-2-HYDROXY-6-METHOXY-N-((1-ETHYL-2-PYRROLIDINYL)METHYL)BENZAMIDE
http://purl.bioontology.org/ontology/MESH/D019797,3-IODOBENZYLGUANIDINE
http://purl.bioontology.org/ontology/MESH/C015392,3-NITROPROPIONIC ACID
http://purl.bioontology.org/ontology/MESH/D015761,4-AMINOPYRIDINE
http://purl.bioontology.org/ontology/MESH/C027576,4-HYDROXY-2-NONENAL
http://purl.bioontology.org/ontology/MESH/D015110,4-HYDROXYCOUMARINS
http://purl.bioontology.org/ontology/MESH/C075773,4-PHENYLBUTYRIC ACID
http://purl.bioontology.org/ontology/MESH/D006916,5-HYDROXYTRYPTOPHAN
http://purl.bioontology.org/ontology/MESH/D018750,6-CYANO-7-NITROQUINOXALINE-2,3-DIONE
http://purl.bioontology.org/ontology/MESH/C010643,6-HYDROXY-2,5,7,8-TETRAMETHYLCHROMAN-2-CARBOXYLIC ACID
http://purl.bioontology.org/ontology/MESH/C003001,7-KETOCHOLESTEROL
http://purl.bioontology.org/ontology/MESH/C080122,7-NITROINDAZOLE
http://purl.bioontology.org/ontology/MESH/C075750,8-EPI-PROSTAGLANDIN F2ALPHA
http://purl.bioontology.org/ontology/MESH/D000077443,ACAMPROSATE
http://purl.bioontology.org/ontology/MESH/D000074,ACENOCOUMAROL
http://purl.bioontology.org/ontology/MESH/D000086,ACETAZOLAMIDE
http://purl.bioontology.org/ontology/MESH/C056165,ACETOVANILLONE
http://purl.bioontology.org/ontology/MESH/D000108,ACETYLCARNITINE
http://purl.bioontology.org/ontology/MESH/D000109,ACETYLCHOLINE
http://purl.bioontology.org/ontology/MESH/D000111,ACETYLCYSTEINE
http://purl.bioontology.org/ontology/MESH/C063261,ACETYLLEUCYL-LEUCYL-NORLEUCINAL
http://purl.bioontology.org/ontology/MESH/D000068816,ADAPALENE
http://purl.bioontology.org/ontology/MESH/D000324,ADRENOCORTICOTROPIC HORMONE
http://purl.bioontology.org/ontology/MESH/D000404,AJMALINE
http://purl.bioontology.org/ontology/MESH/D000420,ALBUTEROL
http://purl.bioontology.org/ontology/MESH/C509951,ALGLUCOSIDASE ALFA
http://purl.bioontology.org/ontology/MESH/D000515,ALPHA 1-ANTITRYPSIN
http://purl.bioontology.org/ontology/MESH/D018350,ALPHA-AMINO-3-HYDROXY-5-METHYL-4-ISOXAZOLEPROPIONIC ACID
http://purl.bioontology.org/ontology/MESH/D000521,ALPHA-MSH
http://purl.bioontology.org/ontology/MESH/D024502,ALPHA-TOCOPHEROL
http://purl.bioontology.org/ontology/MESH/D000547,AMANTADINE
http://purl.bioontology.org/ontology/MESH/D000077770,AMIFAMPRIDINE
http://purl.bioontology.org/ontology/MESH/D000590,AMINO ACID CHLOROMETHYL KETONES
http://purl.bioontology.org/ontology/MESH/D000628,AMINOPHYLLINE
http://purl.bioontology.org/ontology/MESH/D000640,AMITROLE
http://purl.bioontology.org/ontology/MESH/D000654,AMOBARBITAL
http://purl.bioontology.org/ontology/MESH/C078814,ANANDAMIDE
http://purl.bioontology.org/ontology/MESH/C031385,ANTHRANILIC ACID
http://purl.bioontology.org/ontology/MESH/C010680,ANTIBIOTIC G 418
http://purl.bioontology.org/ontology/MESH/D000968,ANTIMYCIN A
http://purl.bioontology.org/ontology/MESH/D000990,ANTITHROMBIN III
http://purl.bioontology.org/ontology/MESH/D001058,APOMORPHINE
http://purl.bioontology.org/ontology/MESH/D001127,ARGININE VASOPRESSIN
http://purl.bioontology.org/ontology/MESH/D000068180,ARIPIPRAZOLE
http://purl.bioontology.org/ontology/MESH/D001205,ASCORBIC ACID
http://purl.bioontology.org/ontology/MESH/C570710,ASFOTASE ALFA
http://purl.bioontology.org/ontology/MESH/D001241,ASPIRIN
http://purl.bioontology.org/ontology/MESH/C005948,ASTAXANTHINE
http://purl.bioontology.org/ontology/MESH/D001279,ATRACURIUM
http://purl.bioontology.org/ontology/MESH/D001285,ATROPINE
http://purl.bioontology.org/ontology/MESH/D001379,AZATHIOPRINE
http://purl.bioontology.org/ontology/MESH/C010038,AZELAIC ACID
http://purl.bioontology.org/ontology/MESH/D017963,AZITHROMYCIN
http://purl.bioontology.org/ontology/MESH/D001418,BACLOFEN
http://purl.bioontology.org/ontology/MESH/D001466,BARIUM SULFATE
http://purl.bioontology.org/ontology/MESH/C072553,BENZYLOXYCARBONYLLEUCYL-LEUCYL-LEUCINE ALDEHYDE
http://purl.bioontology.org/ontology/MESH/C096713,BENZYLOXYCARBONYLVALYL-ALANYL-ASPARTYL FLUOROMETHYL KETONE
http://purl.bioontology.org/ontology/MESH/D001622,BETAINE
http://purl.bioontology.org/ontology/MESH/D001629,BEZAFIBRATE
http://purl.bioontology.org/ontology/MESH/D001647,BILE ACIDS AND SALTS
http://purl.bioontology.org/ontology/MESH/D001663,BILIRUBIN
http://purl.bioontology.org/ontology/MESH/C017807,BISBENZIMIDE ETHOXIDE TRIHYDROCHLORIDE
http://purl.bioontology.org/ontology/MESH/D000069286,BORTEZOMIB
http://purl.bioontology.org/ontology/MESH/D001905,BOTULINUM TOXINS
http://purl.bioontology.org/ontology/MESH/D019274,BOTULINUM TOXINS, TYPE A
http://purl.bioontology.org/ontology/MESH/D001920,BRADYKININ
http://purl.bioontology.org/ontology/MESH/D020126,BREFELDIN A
http://purl.bioontology.org/ontology/MESH/D001965,BROMIDES
http://purl.bioontology.org/ontology/MESH/D001973,BROMODEOXYURIDINE
http://purl.bioontology.org/ontology/MESH/D002045,BUPIVACAINE
http://purl.bioontology.org/ontology/MESH/D002065,BUSPIRONE
http://purl.bioontology.org/ontology/MESH/D020148,BUTYRIC ACID
http://purl.bioontology.org/ontology/MESH/C040048,CAFFEIC ACID
http://purl.bioontology.org/ontology/MESH/D002110,CAFFEINE
http://purl.bioontology.org/ontology/MESH/D000001,CALCIMYCIN
http://purl.bioontology.org/ontology/MESH/D002116,CALCITONIN
http://purl.bioontology.org/ontology/MESH/D015740,CALCITONIN GENE-RELATED PEPTIDE
http://purl.bioontology.org/ontology/MESH/C039304,CALPAIN INHIBITORS
http://purl.bioontology.org/ontology/MESH/C033668,CALPASTATIN
http://purl.bioontology.org/ontology/MESH/D002217,CARBACHOL
http://purl.bioontology.org/ontology/MESH/D002220,CARBAMAZEPINE
http://purl.bioontology.org/ontology/MESH/D002230,CARBIDOPA
http://purl.bioontology.org/ontology/MESH/C009265,CARBIDOPA, LEVODOPA DRUG COMBINATION
http://purl.bioontology.org/ontology/MESH/D002248,CARBON MONOXIDE
http://purl.bioontology.org/ontology/MESH/D002331,CARNITINE
http://purl.bioontology.org/ontology/MESH/D002364,CASEINS
http://purl.bioontology.org/ontology/MESH/C066430,CGP 35348
http://purl.bioontology.org/ontology/MESH/C085075,CGP 55845A
http://purl.bioontology.org/ontology/MESH/D002635,CHENODEOXYCHOLIC ACID
http://purl.bioontology.org/ontology/MESH/D048271,CHITOSAN
http://purl.bioontology.org/ontology/MESH/D002701,CHLORAMPHENICOL
http://purl.bioontology.org/ontology/MESH/D002738,CHLOROQUINE
http://purl.bioontology.org/ontology/MESH/D002746,CHLORPROMAZINE
http://purl.bioontology.org/ontology/MESH/D019826,CHOLIC ACID
http://purl.bioontology.org/ontology/MESH/D002793,CHOLIC ACIDS
http://purl.bioontology.org/ontology/MESH/D002794,CHOLINE
http://purl.bioontology.org/ontology/MESH/D006063,CHORIONIC GONADOTROPIN
http://purl.bioontology.org/ontology/MESH/D000077768,CICLOPIROX
http://purl.bioontology.org/ontology/MESH/D002939,CIPROFLOXACIN
http://purl.bioontology.org/ontology/MESH/D015283,CITALOPRAM
http://purl.bioontology.org/ontology/MESH/D000078306,CLOBAZAM
http://purl.bioontology.org/ontology/MESH/D002994,CLOFIBRATE
http://purl.bioontology.org/ontology/MESH/D002998,CLONAZEPAM
http://purl.bioontology.org/ontology/MESH/C024989,COENZYME Q10
http://purl.bioontology.org/ontology/MESH/D003078,COLCHICINE
http://purl.bioontology.org/ontology/MESH/D005576,COLFORSIN
http://purl.bioontology.org/ontology/MESH/C000711730,COMPOUND 21
http://purl.bioontology.org/ontology/MESH/D020916,CONOTOXINS
http://purl.bioontology.org/ontology/MESH/D003345,CORTICOSTERONE
http://purl.bioontology.org/ontology/MESH/D003346,CORTICOTROPIN-RELEASING HORMONE
http://purl.bioontology.org/ontology/MESH/D003348,CORTISONE
http://purl.bioontology.org/ontology/MESH/D003472,CURARE
http://purl.bioontology.org/ontology/MESH/D003474,CURCUMIN
http://purl.bioontology.org/ontology/MESH/D050759,CYCLIN-DEPENDENT KINASE INHIBITOR P21
http://purl.bioontology.org/ontology/MESH/D003513,CYCLOHEXIMIDE
http://purl.bioontology.org/ontology/MESH/D003520,CYCLOPHOSPHAMIDE
http://purl.bioontology.org/ontology/MESH/D016572,CYCLOSPORINE
http://purl.bioontology.org/ontology/MESH/D003543,CYSTEAMINE
http://purl.bioontology.org/ontology/MESH/C112381,CYSTEINYL-LEUKOTRIENE
http://purl.bioontology.org/ontology/MESH/D003561,CYTARABINE
http://purl.bioontology.org/ontology/MESH/D003609,DACTINOMYCIN
http://purl.bioontology.org/ontology/MESH/C004742,DAIDZEIN
http://purl.bioontology.org/ontology/MESH/D003620,DANTROLENE
http://purl.bioontology.org/ontology/MESH/D003687,DEHYDROEPIANDROSTERONE
http://purl.bioontology.org/ontology/MESH/D003871,DERMATAN SULFATE
http://purl.bioontology.org/ontology/MESH/D003907,DEXAMETHASONE
http://purl.bioontology.org/ontology/MESH/D003911,DEXTRANS
http://purl.bioontology.org/ontology/MESH/D003915,DEXTROMETHORPHAN
http://purl.bioontology.org/ontology/MESH/D005947,DEXTROSE
http://purl.bioontology.org/ontology/MESH/D003975,DIAZEPAM
http://purl.bioontology.org/ontology/MESH/D003981,DIAZOXIDE
http://purl.bioontology.org/ontology/MESH/D004005,DICHLORPHENAMIDE
http://purl.bioontology.org/ontology/MESH/D004008,DICLOFENAC
http://purl.bioontology.org/ontology/MESH/D004077,DIGOXIN
http://purl.bioontology.org/ontology/MESH/D004295,DIHYDROXYPHENYLALANINE
http://purl.bioontology.org/ontology/MESH/D004117,DIMETHOATE
http://purl.bioontology.org/ontology/MESH/D004121,DIMETHYL SULFOXIDE
http://purl.bioontology.org/ontology/MESH/D015237,DINOPROST
http://purl.bioontology.org/ontology/MESH/D015232,DINOPROSTONE
http://purl.bioontology.org/ontology/MESH/D004164,DIPHOSPHONATES
http://purl.bioontology.org/ontology/MESH/C084645,DISTIGMINE
http://purl.bioontology.org/ontology/MESH/D016291,DIZOCILPINE MALEATE
http://purl.bioontology.org/ontology/MESH/D004298,DOPAMINE
http://purl.bioontology.org/ontology/MESH/D004317,DOXORUBICIN
http://purl.bioontology.org/ontology/MESH/D004318,DOXYCYCLINE
http://purl.bioontology.org/ontology/MESH/C481642,ECULIZUMAB
http://purl.bioontology.org/ontology/MESH/D004492,EDETIC ACID
http://purl.bioontology.org/ontology/MESH/D004491,EDROPHONIUM
http://purl.bioontology.org/ontology/MESH/C045761,EMERIAMINE
http://purl.bioontology.org/ontology/MESH/D004656,ENALAPRIL
http://purl.bioontology.org/ontology/MESH/D016228,ENDOTHELIAL GROWTH FACTORS
http://purl.bioontology.org/ontology/MESH/D004745,ENKEPHALINS
http://purl.bioontology.org/ontology/MESH/C044447,ENRAMYCIN
http://purl.bioontology.org/ontology/MESH/C038131,EPALRESTAT
http://purl.bioontology.org/ontology/MESH/D004809,EPHEDRINE
http://purl.bioontology.org/ontology/MESH/D004837,EPINEPHRINE
http://purl.bioontology.org/ontology/MESH/D011464,EPOPROSTENOL
http://purl.bioontology.org/ontology/MESH/D000089983,ESCITALOPRAM
http://purl.bioontology.org/ontology/MESH/D004958,ESTRADIOL
http://purl.bioontology.org/ontology/MESH/D004970,ESTRONE
http://purl.bioontology.org/ontology/MESH/C017296,ESTRONE SULFATE
http://purl.bioontology.org/ontology/MESH/D004986,ETHER
http://purl.bioontology.org/ontology/MESH/D005013,ETHOSUXIMIDE
http://purl.bioontology.org/ontology/MESH/C033891,ETHYL 2-(5-(4-CHLOROPHENYL)PENTYL)OXIRAN-2-CARBOXYLATE
http://purl.bioontology.org/ontology/MESH/D005020,ETHYL METHANESULFONATE
http://purl.bioontology.org/ontology/MESH/D005033,ETHYLMALEIMIDE
http://purl.bioontology.org/ontology/MESH/C054207,ETOMOXIR
http://purl.bioontology.org/ontology/MESH/D005047,ETOPOSIDE
http://purl.bioontology.org/ontology/MESH/D005070,EVANS BLUE
http://purl.bioontology.org/ontology/MESH/D000068338,EVEROLIMUS
http://purl.bioontology.org/ontology/MESH/D000078328,FELBAMATE
http://purl.bioontology.org/ontology/MESH/C010725,FENBUFEN
http://purl.bioontology.org/ontology/MESH/D010134,FENCLONINE
http://purl.bioontology.org/ontology/MESH/D005283,FENTANYL
http://purl.bioontology.org/ontology/MESH/C056723,FG 9041
http://purl.bioontology.org/ontology/MESH/C036309,FIBRIN FRAGMENT D
http://purl.bioontology.org/ontology/MESH/D005442,FLUMAZENIL
http://purl.bioontology.org/ontology/MESH/D019793,FLUORESCEIN
http://purl.bioontology.org/ontology/MESH/D019788,FLUORODEOXYGLUCOSE F18
http://purl.bioontology.org/ontology/MESH/D005473,FLUOXETINE
http://purl.bioontology.org/ontology/MESH/D005492,FOLIC ACID
http://purl.bioontology.org/ontology/MESH/D005640,FOLLICLE STIMULATING HORMONE
http://purl.bioontology.org/ontology/MESH/C030544,FORMIC ACID
http://purl.bioontology.org/ontology/MESH/C049853,GABAZINE
http://purl.bioontology.org/ontology/MESH/C105051,GANAXOLONE
http://purl.bioontology.org/ontology/MESH/C007834,GENIPIN
http://purl.bioontology.org/ontology/MESH/D000068717,GLATIRAMER ACETATE
http://purl.bioontology.org/ontology/MESH/D005934,GLUCAGON
http://purl.bioontology.org/ontology/MESH/C031149,GLYCOLIC ACID
http://purl.bioontology.org/ontology/MESH/D006065,GONADOTROPINS, PITUITARY
http://purl.bioontology.org/ontology/MESH/D019791,GUANIDINE
http://purl.bioontology.org/ontology/MESH/D006220,HALOPERIDOL
http://purl.bioontology.org/ontology/MESH/D006221,HALOTHANE
http://purl.bioontology.org/ontology/MESH/D006371,HELIUM
http://purl.bioontology.org/ontology/MESH/D006493,HEPARIN
http://purl.bioontology.org/ontology/MESH/D003932,HEROIN
http://purl.bioontology.org/ontology/MESH/D006632,HISTAMINE
http://purl.bioontology.org/ontology/MESH/D006854,HYDROCORTISONE
http://purl.bioontology.org/ontology/MESH/D006861,HYDROGEN PEROXIDE
http://purl.bioontology.org/ontology/MESH/D006862,HYDROGEN SULFIDE
http://purl.bioontology.org/ontology/MESH/C031927,HYDROQUINONE
http://purl.bioontology.org/ontology/MESH/D006886,HYDROXYCHLOROQUINE
http://purl.bioontology.org/ontology/MESH/D007051,IBOTENIC ACID
http://purl.bioontology.org/ontology/MESH/C036619,IDEBENONE
http://purl.bioontology.org/ontology/MESH/C010739,IFENPRODIL
http://purl.bioontology.org/ontology/MESH/D007099,IMIPRAMINE
http://purl.bioontology.org/ontology/MESH/D016756,IMMUNOGLOBULINS, INTRAVENOUS
http://purl.bioontology.org/ontology/MESH/D000922,IMMUNOTOXINS
http://purl.bioontology.org/ontology/MESH/D007371,INTERFERON-GAMMA
http://purl.bioontology.org/ontology/MESH/D053590,INTERLEUKIN 1 RECEPTOR ANTAGONIST PROTEIN
http://purl.bioontology.org/ontology/MESH/D020367,IOFETAMINE
http://purl.bioontology.org/ontology/NDFRT/N0000182831,IOFLUPANE I-123
http://purl.bioontology.org/ontology/MESH/D007472,IOHEXOL
http://purl.bioontology.org/ontology/MESH/D015759,IONOMYCIN
http://purl.bioontology.org/ontology/MESH/D007528,ISOETHARINE
http://purl.bioontology.org/ontology/MESH/D007530,ISOFLURANE
http://purl.bioontology.org/ontology/MESH/D007538,ISONIAZID
http://purl.bioontology.org/ontology/MESH/D007545,ISOPROTERENOL
http://purl.bioontology.org/ontology/MESH/C111599,ISTRADEFYLLINE
http://purl.bioontology.org/ontology/MESH/C005134,JUGLONE
http://purl.bioontology.org/ontology/MESH/D007608,KAINIC ACID
http://purl.bioontology.org/ontology/MESH/D007649,KETAMINE
http://purl.bioontology.org/ontology/MESH/C541932,KU 0063794
http://purl.bioontology.org/ontology/MESH/D007736,KYNURENIC ACID
http://purl.bioontology.org/ontology/MESH/C067713,LACTACYSTIN
http://purl.bioontology.org/ontology/MESH/D019344,LACTIC ACID
http://purl.bioontology.org/ontology/MESH/D007792,LACTULOSE
http://purl.bioontology.org/ontology/MESH/D000077213,LAMOTRIGINE
http://purl.bioontology.org/ontology/MESH/D037102,LECTINS
http://purl.bioontology.org/ontology/MESH/C038753,LEPTOMYCIN B
http://purl.bioontology.org/ontology/MESH/D002955,LEUCOVORIN
http://purl.bioontology.org/ontology/MESH/D007976,LEUPEPTINS
http://purl.bioontology.org/ontology/MESH/D007978,LEVAMISOLE
http://purl.bioontology.org/ontology/MESH/D000077287,LEVETIRACETAM
http://purl.bioontology.org/ontology/MESH/D007980,LEVODOPA
http://purl.bioontology.org/ontology/MESH/D008012,LIDOCAINE
http://purl.bioontology.org/ontology/MESH/D000069349,LINEZOLID
http://purl.bioontology.org/ontology/MESH/D016651,LITHIUM CARBONATE
http://purl.bioontology.org/ontology/MESH/D018021,LITHIUM CHLORIDE
http://purl.bioontology.org/ontology/MESH/D018020,LITHIUM COMPOUNDS
http://purl.bioontology.org/ontology/MESH/D008110,LIVER EXTRACTS
http://purl.bioontology.org/ontology/MESH/D061466,LOPINAVIR
http://purl.bioontology.org/ontology/MESH/C079420,LORENZO'S OIL
http://purl.bioontology.org/ontology/MESH/D008148,LOVASTATIN
http://purl.bioontology.org/ontology/MESH/D008238,LYSERGIC ACID DIETHYLAMIDE
http://purl.bioontology.org/ontology/MESH/D008353,MANNITOL
http://purl.bioontology.org/ontology/MESH/D008464,MECAMYLAMINE
http://purl.bioontology.org/ontology/MESH/D008550,MELATONIN
http://purl.bioontology.org/ontology/MESH/D008559,MEMANTINE
http://purl.bioontology.org/ontology/MESH/D008614,MEPERIDINE
http://purl.bioontology.org/ontology/MESH/D008687,METFORMIN
http://purl.bioontology.org/ontology/MESH/D008694,METHAMPHETAMINE
http://purl.bioontology.org/ontology/MESH/D008727,METHOTREXATE
http://purl.bioontology.org/ontology/MESH/C017522,METHYL 2-TETRADECYLGLYCIDATE
http://purl.bioontology.org/ontology/MESH/D008751,METHYLENE BLUE
http://purl.bioontology.org/ontology/MESH/D008774,METHYLPHENIDATE
http://purl.bioontology.org/ontology/MESH/D008775,METHYLPREDNISOLONE
http://purl.bioontology.org/ontology/MESH/D008787,METOCLOPRAMIDE
http://purl.bioontology.org/ontology/MESH/D008793,METRIZAMIDE
http://purl.bioontology.org/ontology/MESH/D008801,MEXILETINE
http://purl.bioontology.org/ontology/MESH/D008874,MIDAZOLAM
http://purl.bioontology.org/ontology/MESH/D000078785,MIRTAZAPINE
http://purl.bioontology.org/ontology/MESH/D000077408,MODAFINIL
http://purl.bioontology.org/ontology/MESH/D009118,MUSCIMOL
http://purl.bioontology.org/ontology/MESH/C051931,MYASTHENIA GRAVIS ANTI-SKELETAL MUSCLE ANTIBODY
http://purl.bioontology.org/ontology/MESH/D009173,MYCOPHENOLIC ACID
http://purl.bioontology.org/ontology/MESH/C064769,N-ACETYLSPHINGOSINE
http://purl.bioontology.org/ontology/MESH/D016202,N-METHYLASPARTATE
http://purl.bioontology.org/ontology/MESH/D009270,NALOXONE
http://purl.bioontology.org/ontology/MESH/C066471,NCS 382
http://purl.bioontology.org/ontology/MESH/D009388,NEOSTIGMINE
http://purl.bioontology.org/ontology/MESH/D019331,NG-NITROARGININE METHYL ESTER
http://purl.bioontology.org/ontology/MESH/D009525,NIACIN
http://purl.bioontology.org/ontology/MESH/D009538,NICOTINE
http://purl.bioontology.org/ontology/MESH/D009543,NIFEDIPINE
http://purl.bioontology.org/ontology/MESH/D009555,NINHYDRIN
http://purl.bioontology.org/ontology/MESH/D009567,NITRAZEPAM
http://purl.bioontology.org/ontology/MESH/D009569,NITRIC OXIDE
http://purl.bioontology.org/ontology/MESH/D009609,NITROUS OXIDE
http://purl.bioontology.org/ontology/MESH/D009638,NOREPINEPHRINE
http://purl.bioontology.org/ontology/MESH/C549445,NULIBRY
http://purl.bioontology.org/ontology/MESH/C034213,OCTENIDINE
http://purl.bioontology.org/ontology/MESH/D017830,OCTOXYNOL
http://purl.bioontology.org/ontology/MESH/D009840,OLIGOMYCINS
http://purl.bioontology.org/ontology/MESH/D020960,OMEGA-CONOTOXINS
http://purl.bioontology.org/ontology/MESH/D010042,OUABAIN
http://purl.bioontology.org/ontology/MESH/D000078330,OXCARBAZEPINE
http://purl.bioontology.org/ontology/MESH/D019308,PALMITIC ACID
http://purl.bioontology.org/ontology/MESH/D010197,PANCURONIUM
http://purl.bioontology.org/ontology/MESH/C016030,PANTOGAB
http://purl.bioontology.org/ontology/MESH/D010261,PARAOXON
http://purl.bioontology.org/ontology/MESH/D010281,PARATHYROID HORMONE
http://purl.bioontology.org/ontology/MESH/D010396,PENICILLAMINE
http://purl.bioontology.org/ontology/MESH/D010419,PENTAMIDINE
http://purl.bioontology.org/ontology/MESH/D010433,PENTYLENETETRAZOLE
http://purl.bioontology.org/ontology/MESH/C551441,PERAMPANEL
http://purl.bioontology.org/ontology/MESH/C000600259,PEXIDARTINIB
http://purl.bioontology.org/ontology/MESH/C000598831,PHENAZINE
http://purl.bioontology.org/ontology/MESH/D010634,PHENOBARBITAL
http://purl.bioontology.org/ontology/MESH/D010672,PHENYTOIN
http://purl.bioontology.org/ontology/MESH/D010725,PHOSPHOCREATINE
http://purl.bioontology.org/ontology/MESH/D010830,PHYSOSTIGMINE
http://purl.bioontology.org/ontology/MESH/D010835,PHYTOHEMAGGLUTININS
http://purl.bioontology.org/ontology/MESH/C030614,PICOLINIC ACID
http://purl.bioontology.org/ontology/MESH/D010852,PICROTOXIN
http://purl.bioontology.org/ontology/MESH/C004479,PIMAGEDINE
http://purl.bioontology.org/ontology/MESH/C032727,PIPERIDINE
http://purl.bioontology.org/ontology/MESH/C031233,POLIHEXANIDE
http://purl.bioontology.org/ontology/MESH/D023321,POLIOVIRUS VACCINES
http://purl.bioontology.org/ontology/MESH/D011189,POTASSIUM CHLORIDE
http://purl.bioontology.org/ontology/MESH/D011190,POTASSIUM CYANIDE
http://purl.bioontology.org/ontology/MESH/D000077487,PRAMIPEXOLE
http://purl.bioontology.org/ontology/MESH/D011239,PREDNISOLONE
http://purl.bioontology.org/ontology/MESH/D011241,PREDNISONE
http://purl.bioontology.org/ontology/MESH/D000069583,PREGABALIN
http://purl.bioontology.org/ontology/MESH/D011339,PROBENECID
http://purl.bioontology.org/ontology/MESH/D011342,PROCAINAMIDE
http://purl.bioontology.org/ontology/MESH/D011343,PROCAINE
http://purl.bioontology.org/ontology/MESH/D017265,PROCATEROL
http://purl.bioontology.org/ontology/MESH/D011374,PROGESTERONE
http://purl.bioontology.org/ontology/MESH/C003223,PROPIONYLCARNITINE
http://purl.bioontology.org/ontology/MESH/D015742,PROPOFOL
http://purl.bioontology.org/ontology/MESH/D011433,PROPRANOLOL
http://purl.bioontology.org/ontology/MESH/D011479,PROTAMINES
http://purl.bioontology.org/ontology/MESH/D011486,PROTEIN C
http://purl.bioontology.org/ontology/MESH/D017293,PROTEIN S
http://purl.bioontology.org/ontology/MESH/D054199,PSEUDOEPHEDRINE
http://purl.bioontology.org/ontology/MESH/D011729,PYRIDOSTIGMINE BROMIDE
http://purl.bioontology.org/ontology/MESH/D011736,PYRIDOXINE HYDROCHLORIDE
http://purl.bioontology.org/ontology/MESH/C065640,PYRUVATE DEHYDROGENASE E1ALPHA SUBUNIT
http://purl.bioontology.org/ontology/MESH/D011802,QUINIDINE
http://purl.bioontology.org/ontology/MESH/D011803,QUININE
http://purl.bioontology.org/ontology/MESH/D011813,QUINUCLIDINYL BENZILATE
http://purl.bioontology.org/ontology/MESH/D020891,RACLOPRIDE
http://purl.bioontology.org/ontology/MESH/D017257,RAMIPRIL
http://purl.bioontology.org/ontology/MESH/D011947,RECEPTORS, ANTIGEN, B-CELL
http://purl.bioontology.org/ontology/MESH/D000077208,REMIFENTANIL
http://purl.bioontology.org/ontology/MESH/D012110,RESERPINE
http://purl.bioontology.org/ontology/MESH/D000077185,RESVERATROL
http://purl.bioontology.org/ontology/MESH/D012256,RIBOFLAVIN
http://purl.bioontology.org/ontology/MESH/D019782,RILUZOLE
http://purl.bioontology.org/ontology/MESH/D018967,RISPERIDONE
http://purl.bioontology.org/ontology/MESH/D012312,RITODRINE
http://purl.bioontology.org/ontology/MESH/D000069283,RITUXIMAB
http://purl.bioontology.org/ontology/MESH/D000069552,RIVAROXABAN
http://purl.bioontology.org/ontology/MESH/D000077123,ROCURONIUM
http://purl.bioontology.org/ontology/MESH/D000077212,ROPIVACAINE
http://purl.bioontology.org/ontology/MESH/D012402,ROTENONE
http://purl.bioontology.org/ontology/MESH/C065299,S-ALLYLCYSTEINE
http://purl.bioontology.org/ontology/MESH/C042431,S-ETHYL GLUTATHIONE
http://purl.bioontology.org/ontology/MESH/D026423,S-NITROSO-N-ACETYLPENICILLAMINE
http://purl.bioontology.org/ontology/MESH/D026422,S-NITROSOGLUTATHIONE
http://purl.bioontology.org/ontology/MESH/C005682,SAFINGOL
http://purl.bioontology.org/ontology/MESH/C003402,SAPROPTERIN
http://purl.bioontology.org/ontology/MESH/D012524,SARIN
http://purl.bioontology.org/ontology/MESH/D012642,SELEGILINE
http://purl.bioontology.org/ontology/MESH/D012643,SELENIUM
http://purl.bioontology.org/ontology/MESH/D012701,SEROTONIN
http://purl.bioontology.org/ontology/MESH/D000077149,SEVOFLURANE
http://purl.bioontology.org/ontology/MESH/D020123,SIROLIMUS
