http://purl.obolibrary.org/obo/GO_0006117,ACETALDEHYDE METABOLIC PROCESS
http://purl.obolibrary.org/obo/GO_0006083,ACETATE METABOLIC PROCESS
No URI found for ACETYL-COA BIOSYNTHETIC PROCESS FROM PYRUVATE
http://purl.obolibrary.org/obo/GO_0008292,ACETYLCHOLINE BIOSYNTHETIC PROCESS
http://purl.obolibrary.org/obo/GO_0030036,ACTIN CYTOSKELETON ORGANIZATION
http://purl.obolibrary.org/obo/GO_0001508,ACTION POTENTIAL
No URI found for ACTIVATION OF CYSTEINE-TYPE ENDOPEPTIDASE ACTIVITY INVOLVED IN APOPTOTIC PROCESS
http://purl.obolibrary.org/obo/GO_1990051,ACTIVATION OF PROTEIN KINASE C ACTIVITY
http://purl.obolibrary.org/obo/GO_0002118,AGGRESSIVE BEHAVIOR
http://purl.bioontology.org/ontology/MESH/D000375,AGING
http://purl.obolibrary.org/obo/GO_0097186,AMELOGENESIS
http://purl.obolibrary.org/obo/GO_0006865,AMINO ACID TRANSPORT
http://purl.obolibrary.org/obo/GO_0009653,ANATOMICAL STRUCTURE MORPHOGENESIS
http://purl.obolibrary.org/obo/GO_0001525,ANGIOGENESIS
http://purl.obolibrary.org/obo/GO_0048513,ANIMAL ORGAN DEVELOPMENT
http://purl.obolibrary.org/obo/GO_0006915,APOPTOTIC PROCESS
http://purl.obolibrary.org/obo/GO_0006529,ASPARAGINE BIOSYNTHETIC PROCESS
http://purl.obolibrary.org/obo/GO_0008306,ASSOCIATIVE LEARNING
http://purl.obolibrary.org/obo/GO_0006754,ATP BIOSYNTHETIC PROCESS
http://purl.obolibrary.org/obo/GO_0006914,AUTOPHAGY
http://purl.obolibrary.org/obo/GO_0007411,AXON GUIDANCE
http://purl.obolibrary.org/obo/GO_0098930,AXONAL TRANSPORT
http://purl.obolibrary.org/obo/GO_0007409,AXONOGENESIS
http://purl.obolibrary.org/obo/GO_0006699,BILE ACID BIOSYNTHETIC PROCESS
http://purl.obolibrary.org/obo/GO_0008206,BILE ACID METABOLIC PROCESS
http://purl.obolibrary.org/obo/GO_0008218,BIOLUMINESCENCE
http://purl.bioontology.org/ontology/MESH/D000077320,BIOMINERALIZATION
http://purl.obolibrary.org/obo/GO_0007596,BLOOD COAGULATION
http://purl.obolibrary.org/obo/GO_0060348,BONE DEVELOPMENT
http://purl.obolibrary.org/obo/GO_0030282,BONE MINERALIZATION
http://purl.obolibrary.org/obo/GO_0045453,BONE RESORPTION
http://purl.obolibrary.org/obo/GO_0007420,BRAIN DEVELOPMENT
http://purl.obolibrary.org/obo/GO_0006816,CALCIUM ION TRANSPORT
http://purl.obolibrary.org/obo/GO_0019722,CALCIUM-MEDIATED SIGNALING
http://purl.obolibrary.org/obo/GO_0005975,CARBOHYDRATE METABOLIC PROCESS
http://purl.obolibrary.org/obo/GO_0061337,CARDIAC CONDUCTION
http://purl.obolibrary.org/obo/GO_0015879,CARNITINE TRANSPORT
http://purl.obolibrary.org/obo/GO_0051216,CARTILAGE DEVELOPMENT
http://purl.obolibrary.org/obo/GO_0009056,CATABOLIC PROCESS
http://purl.obolibrary.org/obo/GO_0042423,CATECHOLAMINE BIOSYNTHETIC PROCESS
http://purl.obolibrary.org/obo/GO_0001775,CELL ACTIVATION
http://purl.obolibrary.org/obo/GO_0007155,CELL ADHESION
http://purl.obolibrary.org/obo/GO_0098743,CELL AGGREGATION
http://purl.obolibrary.org/obo/GO_0007049,CELL CYCLE
http://purl.obolibrary.org/obo/GO_0008219,CELL DEATH
http://purl.obolibrary.org/obo/GO_0030154,CELL DIFFERENTIATION
http://purl.obolibrary.org/obo/GO_0051301,CELL DIVISION
http://purl.obolibrary.org/obo/GO_0016049,CELL GROWTH
http://purl.obolibrary.org/obo/GO_0001906,CELL KILLING
http://purl.obolibrary.org/obo/GO_0048469,CELL MATURATION
http://purl.obolibrary.org/obo/GO_0016477,CELL MIGRATION
http://purl.obolibrary.org/obo/GO_0048870,CELL MOTILITY
No URI found for CELLULAR ALDEHYDE METABOLIC PROCESS
http://purl.obolibrary.org/obo/GO_0019725,CELLULAR HOMEOSTASIS
http://purl.obolibrary.org/obo/GO_0051641,CELLULAR LOCALIZATION
No URI found for CELLULAR METABOLIC PROCESS
http://purl.obolibrary.org/obo/GO_0045333,CELLULAR RESPIRATION
No URI found for CELLULAR RESPONSE TO DNA DAMAGE STIMULUS
http://purl.obolibrary.org/obo/GO_0090398,CELLULAR SENESCENCE
http://purl.obolibrary.org/obo/GO_0007417,CENTRAL NERVOUS SYSTEM DEVELOPMENT
http://purl.obolibrary.org/obo/GO_0006935,CHEMOTAXIS
http://purl.obolibrary.org/obo/GO_0006695,CHOLESTEROL BIOSYNTHETIC PROCESS
http://purl.obolibrary.org/obo/GO_0033344,CHOLESTEROL EFFLUX
http://purl.obolibrary.org/obo/GO_0042632,CHOLESTEROL HOMEOSTASIS
http://purl.obolibrary.org/obo/GO_0008203,CHOLESTEROL METABOLIC PROCESS
http://purl.obolibrary.org/obo/GO_0030301,CHOLESTEROL TRANSPORT
http://purl.obolibrary.org/obo/GO_0006338,CHROMATIN REMODELING
http://purl.obolibrary.org/obo/GO_0050000,CHROMOSOME LOCALIZATION
http://purl.obolibrary.org/obo/GO_0007059,CHROMOSOME SEGREGATION
http://purl.obolibrary.org/obo/GO_0060271,CILIUM ASSEMBLY
http://purl.obolibrary.org/obo/GO_0007623,CIRCADIAN RHYTHM
http://purl.obolibrary.org/obo/GO_0050817,COAGULATION
http://purl.obolibrary.org/obo/GO_0009236,COBALAMIN BIOSYNTHETIC PROCESS
http://purl.obolibrary.org/obo/GO_0050890,COGNITION
http://purl.obolibrary.org/obo/GO_0030574,COLLAGEN CATABOLIC PROCESS
http://purl.obolibrary.org/obo/GO_0048668,COLLATERAL SPROUTING
http://purl.obolibrary.org/obo/GO_1904888,CRANIAL SKELETAL SYSTEM DEVELOPMENT
http://purl.obolibrary.org/obo/GO_0006600,CREATINE METABOLIC PROCESS
http://purl.obolibrary.org/obo/GO_0019835,CYTOLYSIS
http://purl.obolibrary.org/obo/GO_0007010,CYTOSKELETON ORGANIZATION
http://purl.obolibrary.org/obo/GO_0098754,DETOXIFICATION
http://purl.obolibrary.org/obo/GO_0003006,DEVELOPMENTAL PROCESS INVOLVED IN REPRODUCTION
http://purl.obolibrary.org/obo/GO_0048565,DIGESTIVE TRACT DEVELOPMENT
http://purl.obolibrary.org/obo/GO_0006277,DNA AMPLIFICATION
http://purl.obolibrary.org/obo/GO_0071897,DNA BIOSYNTHETIC PROCESS
http://purl.obolibrary.org/obo/GO_0006259,DNA METABOLIC PROCESS
http://purl.obolibrary.org/obo/GO_0141119,DNA METHYLATION
http://purl.obolibrary.org/obo/GO_0006281,DNA REPAIR
http://purl.obolibrary.org/obo/GO_0006260,DNA REPLICATION
http://purl.obolibrary.org/obo/GO_0019348,DOLICHOL METABOLIC PROCESS
http://purl.obolibrary.org/obo/GO_0042417,DOPAMINE METABOLIC PROCESS
http://purl.obolibrary.org/obo/GO_0042756,DRINKING BEHAVIOR
http://purl.obolibrary.org/obo/GO_0022900,ELECTRON TRANSPORT CHAIN
http://purl.obolibrary.org/obo/GO_0009790,EMBRYO DEVELOPMENT
http://purl.obolibrary.org/obo/GO_0006897,ENDOCYTOSIS
http://purl.obolibrary.org/obo/GO_0043542,ENDOTHELIAL CELL MIGRATION
http://purl.obolibrary.org/obo/GO_0097009,ENERGY HOMEOSTASIS
http://purl.obolibrary.org/obo/GO_0030218,ERYTHROCYTE DIFFERENTIATION
http://purl.obolibrary.org/obo/GO_0008611,ETHER LIPID BIOSYNTHETIC PROCESS
http://purl.obolibrary.org/obo/GO_0046485,ETHER LIPID METABOLIC PROCESS
http://purl.obolibrary.org/obo/GO_0007588,EXCRETION
http://purl.obolibrary.org/obo/GO_0006887,EXOCYTOSIS
http://purl.obolibrary.org/obo/GO_0035640,EXPLORATION BEHAVIOR
http://purl.obolibrary.org/obo/GO_0001561,FATTY ACID ALPHA-OXIDATION
http://purl.obolibrary.org/obo/GO_0006635,FATTY ACID BETA-OXIDATION
http://purl.obolibrary.org/obo/GO_0006633,FATTY ACID BIOSYNTHETIC PROCESS
http://purl.obolibrary.org/obo/GO_0030497,FATTY ACID ELONGATION
http://purl.obolibrary.org/obo/GO_0006631,FATTY ACID METABOLIC PROCESS
http://purl.obolibrary.org/obo/GO_0019395,FATTY ACID OXIDATION
http://purl.obolibrary.org/obo/GO_0007631,FEEDING BEHAVIOR
http://purl.obolibrary.org/obo/GO_0007565,FEMALE PREGNANCY
http://purl.obolibrary.org/obo/GO_0006113,FERMENTATION
http://purl.obolibrary.org/obo/GO_0097707,FERROPTOSIS
http://purl.obolibrary.org/obo/GO_0009566,FERTILIZATION
http://purl.obolibrary.org/obo/GO_0042730,FIBRINOLYSIS
http://purl.obolibrary.org/obo/GO_0046655,FOLIC ACID METABOLIC PROCESS
http://purl.obolibrary.org/obo/GO_0015884,FOLIC ACID TRANSPORT
http://purl.obolibrary.org/obo/GO_0006000,FRUCTOSE METABOLIC PROCESS
http://purl.obolibrary.org/obo/GO_0036065,FUCOSYLATION
http://purl.obolibrary.org/obo/GO_0009450,GAMMA-AMINOBUTYRIC ACID CATABOLIC PROCESS
http://purl.obolibrary.org/obo/GO_0009448,GAMMA-AMINOBUTYRIC ACID METABOLIC PROCESS
http://purl.obolibrary.org/obo/GO_0035483,GASTRIC EMPTYING
http://purl.obolibrary.org/obo/GO_0035822,GENE CONVERSION
http://purl.obolibrary.org/obo/GO_0071514,GENOMIC IMPRINTING
http://purl.obolibrary.org/obo/GO_0042063,GLIOGENESIS
http://purl.obolibrary.org/obo/GO_0003094,GLOMERULAR FILTRATION
http://purl.obolibrary.org/obo/GO_0032835,GLOMERULUS DEVELOPMENT
http://purl.obolibrary.org/obo/GO_0006094,GLUCONEOGENESIS
http://purl.obolibrary.org/obo/GO_0042593,GLUCOSE HOMEOSTASIS
http://purl.obolibrary.org/obo/GO_0046323,GLUCOSE IMPORT
http://purl.obolibrary.org/obo/GO_0006006,GLUCOSE METABOLIC PROCESS
http://purl.obolibrary.org/obo/GO_0006540,GLUTAMATE DECARBOXYLATION TO SUCCINATE
http://purl.obolibrary.org/obo/GO_0006536,GLUTAMATE METABOLIC PROCESS
http://purl.obolibrary.org/obo/GO_0006542,GLUTAMINE BIOSYNTHETIC PROCESS
http://purl.obolibrary.org/obo/GO_0006543,GLUTAMINE CATABOLIC PROCESS
http://purl.obolibrary.org/obo/GO_0006541,GLUTAMINE METABOLIC PROCESS
http://purl.obolibrary.org/obo/GO_0045017,GLYCEROLIPID BIOSYNTHETIC PROCESS
http://purl.obolibrary.org/obo/GO_0006546,GLYCINE CATABOLIC PROCESS
http://purl.obolibrary.org/obo/GO_0005980,GLYCOGEN CATABOLIC PROCESS
http://purl.obolibrary.org/obo/GO_0005977,GLYCOGEN METABOLIC PROCESS
http://purl.obolibrary.org/obo/GO_0009101,GLYCOPROTEIN BIOSYNTHETIC PROCESS
http://purl.obolibrary.org/obo/GO_0070085,GLYCOSYLATION
http://purl.obolibrary.org/obo/GO_0006784,HEME A BIOSYNTHETIC PROCESS
http://purl.obolibrary.org/obo/GO_0006783,HEME BIOSYNTHETIC PROCESS
http://purl.obolibrary.org/obo/GO_0007599,HEMOSTASIS
No URI found for HISTONE ACETYLATION
No URI found for HISTONE DEACETYLATION
http://purl.obolibrary.org/obo/GO_0042592,HOMEOSTATIC PROCESS
http://purl.obolibrary.org/obo/GO_0035825,HOMOLOGOUS RECOMBINATION
http://purl.obolibrary.org/obo/GO_0046879,HORMONE SECRETION
http://purl.obolibrary.org/obo/GO_0002524,HYPERSENSITIVITY
http://purl.obolibrary.org/obo/GO_0006955,IMMUNE RESPONSE
http://purl.obolibrary.org/obo/GO_0051170,IMPORT INTO NUCLEUS
http://purl.obolibrary.org/obo/GO_0006954,INFLAMMATORY RESPONSE
http://purl.obolibrary.org/obo/GO_0045087,INNATE IMMUNE RESPONSE
http://purl.obolibrary.org/obo/GO_0060384,INNERVATION
http://purl.obolibrary.org/obo/GO_0030073,INSULIN SECRETION
http://purl.obolibrary.org/obo/GO_0050892,INTESTINAL ABSORPTION
http://purl.obolibrary.org/obo/GO_0046907,INTRACELLULAR TRANSPORT
No URI found for ION HOMEOSTASIS
http://purl.obolibrary.org/obo/GO_0006811,ION TRANSPORT
http://purl.obolibrary.org/obo/GO_0006550,ISOLEUCINE CATABOLIC PROCESS
http://purl.obolibrary.org/obo/GO_0008299,ISOPRENOID BIOSYNTHETIC PROCESS
http://purl.obolibrary.org/obo/GO_0045190,ISOTYPE SWITCHING
http://purl.obolibrary.org/obo/GO_0019477,L-LYSINE CATABOLIC PROCESS
http://purl.obolibrary.org/obo/GO_0046440,L-LYSINE METABOLIC PROCESS
http://purl.obolibrary.org/obo/GO_0019249,LACTATE BIOSYNTHETIC PROCESS
http://purl.obolibrary.org/obo/GO_0006089,LACTATE METABOLIC PROCESS
http://purl.obolibrary.org/obo/GO_0007595,LACTATION
http://purl.obolibrary.org/obo/GO_1901336,LACTONE BIOSYNTHETIC PROCESS
http://purl.obolibrary.org/obo/GO_0048366,LEAF DEVELOPMENT
http://purl.obolibrary.org/obo/GO_0016037,LIGHT ABSORPTION
http://purl.obolibrary.org/obo/GO_0060173,LIMB DEVELOPMENT
http://purl.obolibrary.org/obo/GO_0008610,LIPID BIOSYNTHETIC PROCESS
http://purl.obolibrary.org/obo/GO_0030259,LIPID GLYCOSYLATION
http://purl.obolibrary.org/obo/GO_0055088,LIPID HOMEOSTASIS
http://purl.obolibrary.org/obo/GO_0006629,LIPID METABOLIC PROCESS
http://purl.obolibrary.org/obo/GO_0034440,LIPID OXIDATION
http://purl.obolibrary.org/obo/GO_0019915,LIPID STORAGE
http://purl.obolibrary.org/obo/GO_0051179,LOCALIZATION
http://purl.obolibrary.org/obo/GO_0040011,LOCOMOTION
http://purl.obolibrary.org/obo/GO_0046649,LYMPHOCYTE ACTIVATION
http://purl.obolibrary.org/obo/GO_0006554,LYSINE CATABOLIC PROCESS
http://purl.obolibrary.org/obo/GO_0006553,LYSINE METABOLIC PROCESS
http://purl.obolibrary.org/obo/GO_0015819,LYSINE TRANSPORT
http://purl.obolibrary.org/obo/GO_0016236,MACROAUTOPHAGY
http://purl.obolibrary.org/obo/GO_0042116,MACROPHAGE ACTIVATION
http://purl.obolibrary.org/obo/GO_0051235,MAINTENANCE OF LOCATION
http://purl.obolibrary.org/obo/GO_0051651,MAINTENANCE OF LOCATION IN CELL
http://purl.obolibrary.org/obo/GO_0097502,MANNOSYLATION
http://purl.obolibrary.org/obo/GO_0071626,MASTICATION
http://purl.obolibrary.org/obo/GO_0110134,MEIOTIC DRIVE
http://purl.obolibrary.org/obo/GO_0140013,MEIOTIC NUCLEAR DIVISION
http://purl.obolibrary.org/obo/GO_0071709,MEMBRANE ASSEMBLY
http://purl.obolibrary.org/obo/GO_0044091,MEMBRANE BIOGENESIS
http://purl.obolibrary.org/obo/GO_0051899,MEMBRANE DEPOLARIZATION
http://purl.obolibrary.org/obo/GO_0061025,MEMBRANE FUSION
http://purl.obolibrary.org/obo/GO_0044850,MENSTRUAL CYCLE
http://purl.obolibrary.org/obo/GO_0042703,MENSTRUATION
http://purl.obolibrary.org/obo/GO_0032259,METHYLATION
http://purl.obolibrary.org/obo/GO_0000226,MICROTUBULE CYTOSKELETON ORGANIZATION
http://purl.obolibrary.org/obo/GO_0006298,MISMATCH REPAIR
http://purl.obolibrary.org/obo/GO_0051882,MITOCHONDRIAL DEPOLARIZATION
http://purl.obolibrary.org/obo/GO_0006264,MITOCHONDRIAL DNA REPLICATION
http://purl.obolibrary.org/obo/GO_0000266,MITOCHONDRIAL FISSION
http://purl.obolibrary.org/obo/GO_0008053,MITOCHONDRIAL FUSION
http://purl.obolibrary.org/obo/GO_0140053,MITOCHONDRIAL GENE EXPRESSION
http://purl.obolibrary.org/obo/GO_0000266,MITOCHONDRIAL PROLIFERATION
http://purl.obolibrary.org/obo/GO_0032981,MITOCHONDRIAL RESPIRATORY CHAIN COMPLEX I ASSEMBLY
http://purl.obolibrary.org/obo/GO_0006390,MITOCHONDRIAL TRANSCRIPTION
http://purl.obolibrary.org/obo/GO_0032543,MITOCHONDRIAL TRANSLATION
http://purl.obolibrary.org/obo/GO_0034514,MITOCHONDRIAL UNFOLDED PROTEIN RESPONSE
http://purl.obolibrary.org/obo/GO_0048311,MITOCHONDRION DISTRIBUTION
http://purl.obolibrary.org/obo/GO_0000001,MITOCHONDRION INHERITANCE
http://purl.obolibrary.org/obo/GO_0051646,MITOCHONDRION LOCALIZATION
http://purl.obolibrary.org/obo/GO_0000423,MITOPHAGY
http://purl.obolibrary.org/obo/GO_0140014,MITOTIC NUCLEAR DIVISION
http://purl.obolibrary.org/obo/GO_0006312,MITOTIC RECOMBINATION
http://purl.obolibrary.org/obo/GO_0061744,MOTOR BEHAVIOR
http://purl.obolibrary.org/obo/GO_0061743,MOTOR LEARNING
http://purl.obolibrary.org/obo/GO_0008045,MOTOR NEURON AXON GUIDANCE
No URI found for MRNA CLEAVAGE
http://purl.obolibrary.org/obo/GO_0006397,MRNA PROCESSING
http://purl.obolibrary.org/obo/GO_0014889,MUSCLE ATROPHY
http://purl.obolibrary.org/obo/GO_0042692,MUSCLE CELL DIFFERENTIATION
http://purl.obolibrary.org/obo/GO_0006936,MUSCLE CONTRACTION
http://purl.obolibrary.org/obo/GO_0014896,MUSCLE HYPERTROPHY
http://purl.obolibrary.org/obo/GO_0042552,MYELINATION
http://purl.obolibrary.org/obo/GO_0045445,MYOBLAST DIFFERENTIATION
http://purl.obolibrary.org/obo/GO_0007520,MYOBLAST FUSION
http://purl.obolibrary.org/obo/GO_0014902,MYOTUBE DIFFERENTIATION
http://purl.obolibrary.org/obo/GO_0006491,N-GLYCAN PROCESSING
http://purl.obolibrary.org/obo/GO_0030101,NATURAL KILLER CELL ACTIVATION
http://purl.obolibrary.org/obo/GO_0043066,NEGATIVE REGULATION OF APOPTOTIC PROCESS
http://purl.obolibrary.org/obo/GO_0051346,NEGATIVE REGULATION OF HYDROLASE ACTIVITY
http://purl.obolibrary.org/obo/GO_0051001,NEGATIVE REGULATION OF NITRIC-OXIDE SYNTHASE ACTIVITY
http://purl.obolibrary.org/obo/GO_1903407,NEGATIVE REGULATION OF P-TYPE SODIUM:POTASSIUM-EXCHANGING TRANSPORTER ACTIVITY
http://purl.obolibrary.org/obo/GO_0007399,NERVOUS SYSTEM DEVELOPMENT
http://purl.obolibrary.org/obo/GO_0022008,NEUROGENESIS
http://purl.obolibrary.org/obo/GO_0150076,NEUROINFLAMMATORY RESPONSE
http://purl.obolibrary.org/obo/GO_0007528,NEUROMUSCULAR JUNCTION DEVELOPMENT
No URI found for NEURON DEATH
http://purl.obolibrary.org/obo/GO_0001764,NEURON MIGRATION
http://purl.obolibrary.org/obo/GO_0031175,NEURON PROJECTION DEVELOPMENT
http://purl.obolibrary.org/obo/GO_1990138,NEURON PROJECTION EXTENSION
No URI found for NEUROTRANSMITTER BIOSYNTHETIC PROCESS
No URI found for NEUROTRANSMITTER METABOLIC PROCESS
http://purl.obolibrary.org/obo/GO_0007269,NEUROTRANSMITTER SECRETION
http://purl.obolibrary.org/obo/GO_0007219,NOTCH SIGNALING PATHWAY
http://purl.obolibrary.org/obo/GO_0051168,NUCLEAR EXPORT
http://purl.obolibrary.org/obo/GO_0051169,NUCLEAR TRANSPORT
http://purl.obolibrary.org/obo/GO_0000184,NUCLEAR-TRANSCRIBED MRNA CATABOLIC PROCESS, NONSENSE-MEDIATED DECAY
http://purl.obolibrary.org/obo/GO_0006913,NUCLEOCYTOPLASMIC TRANSPORT
http://purl.obolibrary.org/obo/GO_0009312,OLIGOSACCHARIDE BIOSYNTHETIC PROCESS
http://purl.obolibrary.org/obo/GO_0006730,ONE-CARBON METABOLIC PROCESS
http://purl.obolibrary.org/obo/GO_0048599,OOCYTE DEVELOPMENT
http://purl.obolibrary.org/obo/GO_0048477,OOGENESIS
http://purl.obolibrary.org/obo/GO_0070925,ORGANELLE ASSEMBLY
http://purl.obolibrary.org/obo/GO_0006082,ORGANIC ACID METABOLIC PROCESS
http://purl.obolibrary.org/obo/GO_0006591,ORNITHINE METABOLIC PROCESS
http://purl.obolibrary.org/obo/GO_0001503,OSSIFICATION
http://purl.obolibrary.org/obo/GO_0006119,OXIDATIVE PHOSPHORYLATION
http://purl.obolibrary.org/obo/GO_0007567,PARTURITION
http://purl.obolibrary.org/obo/GO_0030432,PERISTALSIS
http://purl.obolibrary.org/obo/GO_0043574,PEROXISOMAL TRANSPORT
http://purl.obolibrary.org/obo/GO_0016559,PEROXISOME FISSION
http://purl.obolibrary.org/obo/GO_0016557,PEROXISOME MEMBRANE BIOGENESIS
http://purl.obolibrary.org/obo/GO_0000425,PEXOPHAGY
http://purl.obolibrary.org/obo/GO_0045851,PH REDUCTION
http://purl.obolibrary.org/obo/GO_0006909,PHAGOCYTOSIS
http://purl.obolibrary.org/obo/GO_0008654,PHOSPHOLIPID BIOSYNTHETIC PROCESS
http://purl.obolibrary.org/obo/GO_0055091,PHOSPHOLIPID HOMEOSTASIS
http://purl.obolibrary.org/obo/GO_0006644,PHOSPHOLIPID METABOLIC PROCESS
http://purl.obolibrary.org/obo/GO_0043473,PIGMENTATION
http://purl.obolibrary.org/obo/GO_0070527,PLATELET AGGREGATION
http://purl.obolibrary.org/obo/GO_0006596,POLYAMINE BIOSYNTHETIC PROCESS
http://purl.obolibrary.org/obo/GO_0019751,POLYOL METABOLIC PROCESS
http://purl.obolibrary.org/obo/GO_0000271,POLYSACCHARIDE BIOSYNTHETIC PROCESS
http://purl.obolibrary.org/obo/GO_0005976,POLYSACCHARIDE METABOLIC PROCESS
http://purl.obolibrary.org/obo/GO_0045821,POSITIVE REGULATION OF GLYCOLYTIC PROCESS
http://purl.obolibrary.org/obo/GO_0051092,POSITIVE REGULATION OF NF-KAPPAB TRANSCRIPTION FACTOR ACTIVITY
http://purl.obolibrary.org/obo/GO_0043687,POST-TRANSLATIONAL PROTEIN MODIFICATION
http://purl.obolibrary.org/obo/GO_0097354,PRENYLATION
http://purl.obolibrary.org/obo/GO_0012501,PROGRAMMED CELL DEATH
http://purl.obolibrary.org/obo/GO_0019541,PROPIONATE METABOLIC PROCESS
http://purl.obolibrary.org/obo/GO_0019230,PROPRIOCEPTION
http://purl.obolibrary.org/obo/GO_0030163,PROTEIN CATABOLIC PROCESS
http://purl.obolibrary.org/obo/GO_0051259,PROTEIN COMPLEX OLIGOMERIZATION
http://purl.obolibrary.org/obo/GO_0030164,PROTEIN DENATURATION
http://purl.obolibrary.org/obo/GO_0016579,PROTEIN DEUBIQUITINATION
http://purl.obolibrary.org/obo/GO_0006457,PROTEIN FOLDING
http://purl.obolibrary.org/obo/GO_0006486,PROTEIN GLYCOSYLATION
http://purl.obolibrary.org/obo/GO_0017038,PROTEIN IMPORT
http://purl.obolibrary.org/obo/GO_0016558,PROTEIN IMPORT INTO PEROXISOME MATRIX
http://purl.obolibrary.org/obo/GO_0019538,PROTEIN METABOLIC PROCESS
http://purl.obolibrary.org/obo/GO_0006487,PROTEIN N-LINKED GLYCOSYLATION
http://purl.obolibrary.org/obo/GO_0018158,PROTEIN OXIDATION
http://purl.obolibrary.org/obo/GO_0006468,PROTEIN PHOSPHORYLATION
http://purl.obolibrary.org/obo/GO_0016485,PROTEIN PROCESSING
http://purl.obolibrary.org/obo/GO_0006515,PROTEIN QUALITY CONTROL FOR MISFOLDED OR INCOMPLETELY SYNTHESIZED PROTEINS
http://purl.obolibrary.org/obo/GO_0009306,PROTEIN SECRETION
http://purl.obolibrary.org/obo/GO_0016925,PROTEIN SUMOYLATION
http://purl.obolibrary.org/obo/GO_0006605,PROTEIN TARGETING
http://purl.obolibrary.org/obo/GO_0015031,PROTEIN TRANSPORT
http://purl.obolibrary.org/obo/GO_0016567,PROTEIN UBIQUITINATION
http://purl.obolibrary.org/obo/GO_0006508,PROTEOLYSIS
http://purl.obolibrary.org/obo/GO_0019889,PTERIDINE METABOLIC PROCESS
http://purl.obolibrary.org/obo/GO_0035073,PUPARIATION
http://purl.obolibrary.org/obo/GO_0006163,PURINE NUCLEOTIDE METABOLIC PROCESS
http://purl.obolibrary.org/obo/GO_0008614,PYRIDOXINE METABOLIC PROCESS
http://purl.obolibrary.org/obo/GO_0031923,PYRIDOXINE TRANSPORT
http://purl.obolibrary.org/obo/GO_0006090,PYRUVATE METABOLIC PROCESS
No URI found for PYRUVATE OXIDATION
http://purl.obolibrary.org/obo/GO_0150103,REACTIVE GLIOSIS
http://purl.obolibrary.org/obo/GO_0043113,RECEPTOR CLUSTERING
http://purl.obolibrary.org/obo/GO_0043112,RECEPTOR METABOLIC PROCESS
http://purl.obolibrary.org/obo/GO_0060004,REFLEX
http://purl.obolibrary.org/obo/GO_0031099,REGENERATION
http://purl.obolibrary.org/obo/GO_0042981,REGULATION OF APOPTOTIC PROCESS
http://purl.obolibrary.org/obo/GO_0051726,REGULATION OF CELL CYCLE
http://purl.obolibrary.org/obo/GO_0045540,REGULATION OF CHOLESTEROL BIOSYNTHETIC PROCESS
http://purl.obolibrary.org/obo/GO_0010468,REGULATION OF GENE EXPRESSION
http://purl.obolibrary.org/obo/GO_0040008,REGULATION OF GROWTH
http://purl.obolibrary.org/obo/GO_2000024,REGULATION OF LEAF DEVELOPMENT
http://purl.obolibrary.org/obo/GO_0019222,REGULATION OF METABOLIC PROCESS
http://purl.obolibrary.org/obo/GO_0002082,REGULATION OF OXIDATIVE PHOSPHORYLATION
http://purl.obolibrary.org/obo/GO_0097254,RENAL TUBULAR SECRETION
http://purl.obolibrary.org/obo/GO_0022904,RESPIRATORY ELECTRON TRANSPORT CHAIN
http://purl.obolibrary.org/obo/GO_1905144,RESPONSE TO ACETYLCHOLINE
http://purl.obolibrary.org/obo/GO_0034059,RESPONSE TO ANOXIA
http://purl.obolibrary.org/obo/GO_1903412,RESPONSE TO BILE ACID
http://purl.obolibrary.org/obo/GO_0034976,RESPONSE TO ENDOPLASMIC RETICULUM STRESS
http://purl.obolibrary.org/obo/GO_0014076,RESPONSE TO FLUOXETINE
http://purl.obolibrary.org/obo/GO_0033762,RESPONSE TO GLUCAGON
http://purl.obolibrary.org/obo/GO_0000302,RESPONSE TO REACTIVE OXYGEN SPECIES
http://purl.obolibrary.org/obo/GO_0006950,RESPONSE TO STRESS
http://purl.obolibrary.org/obo/GO_0001171,REVERSE TRANSCRIPTION
http://purl.obolibrary.org/obo/GO_0016070,RNA METABOLIC PROCESS
http://purl.obolibrary.org/obo/GO_0006396,RNA PROCESSING
http://purl.obolibrary.org/obo/GO_0008380,RNA SPLICING
http://purl.obolibrary.org/obo/GO_0050658,RNA TRANSPORT
http://purl.obolibrary.org/obo/GO_0051320,S PHASE
http://purl.obolibrary.org/obo/GO_0046903,SECRETION
http://purl.obolibrary.org/obo/GO_0035282,SEGMENTATION
http://purl.obolibrary.org/obo/GO_0016236,SELECTIVE AUTOPHAGY
http://purl.obolibrary.org/obo/GO_0046960,SENSITIZATION
http://purl.obolibrary.org/obo/GO_0007608,SENSORY PERCEPTION OF SMELL
http://purl.obolibrary.org/obo/GO_0007605,SENSORY PERCEPTION OF SOUND
http://purl.obolibrary.org/obo/GO_0050893,SENSORY PROCESSING
http://purl.obolibrary.org/obo/GO_0042427,SEROTONIN BIOSYNTHETIC PROCESS
http://purl.obolibrary.org/obo/GO_0042428,SEROTONIN METABOLIC PROCESS
http://purl.obolibrary.org/obo/GO_0046459,SHORT-CHAIN FATTY ACID METABOLIC PROCESS
http://purl.obolibrary.org/obo/GO_0007614,SHORT-TERM MEMORY
http://purl.obolibrary.org/obo/GO_0097503,SIALYLATION
http://purl.obolibrary.org/obo/GO_0014732,SKELETAL MUSCLE ATROPHY
http://purl.obolibrary.org/obo/GO_0003009,SKELETAL MUSCLE CONTRACTION
http://purl.obolibrary.org/obo/GO_0035176,SOCIAL BEHAVIOR
http://purl.obolibrary.org/obo/GO_0061053,SOMITE DEVELOPMENT
http://purl.obolibrary.org/obo/GO_0097722,SPERM MOTILITY
http://purl.obolibrary.org/obo/GO_0007283,SPERMATOGENESIS
http://purl.obolibrary.org/obo/GO_0072089,STEM CELL PROLIFERATION
http://purl.obolibrary.org/obo/GO_0006694,STEROID BIOSYNTHETIC PROCESS
http://purl.obolibrary.org/obo/GO_0015744,SUCCINATE TRANSPORT
http://purl.obolibrary.org/obo/GO_0036268,SWIMMING
http://purl.obolibrary.org/obo/GO_0007416,SYNAPSE ASSEMBLY
http://purl.obolibrary.org/obo/GO_0060074,SYNAPSE MATURATION
http://purl.obolibrary.org/obo/GO_0051932,SYNAPTIC TRANSMISSION, GABAERGIC
http://purl.obolibrary.org/obo/GO_0016079,SYNAPTIC VESICLE EXOCYTOSIS
http://purl.obolibrary.org/obo/GO_0048731,SYSTEM DEVELOPMENT
http://purl.obolibrary.org/obo/GO_0001659,TEMPERATURE HOMEOSTASIS
http://purl.obolibrary.org/obo/GO_0006729,TETRAHYDROBIOPTERIN BIOSYNTHETIC PROCESS
http://purl.obolibrary.org/obo/GO_0046146,TETRAHYDROBIOPTERIN METABOLIC PROCESS
http://purl.obolibrary.org/obo/GO_0006772,THIAMINE METABOLIC PROCESS
http://purl.obolibrary.org/obo/GO_0015888,THIAMINE TRANSPORT
http://purl.obolibrary.org/obo/GO_0006567,THREONINE CATABOLIC PROCESS
http://purl.obolibrary.org/obo/GO_0009888,TISSUE DEVELOPMENT
http://purl.obolibrary.org/obo/GO_0099537,TRANS-SYNAPTIC SIGNALING
http://purl.obolibrary.org/obo/GO_0006412,TRANSLATION
http://purl.obolibrary.org/obo/GO_0006413,TRANSLATIONAL INITIATION
http://purl.obolibrary.org/obo/GO_0055085,TRANSMEMBRANE TRANSPORT
http://purl.obolibrary.org/obo/GO_0019346,TRANSSULFURATION
http://purl.obolibrary.org/obo/GO_0006099,TRICARBOXYLIC ACID CYCLE
